Component: ARM Compiler 5.06 update 1 (build 61) Tool: armlink [4d35a8]

==============================================================================

Section Cross References

    startup_stm32l4r9xx.o(STACK) refers (Special) to heapauxi.o(.text) for __use_two_region_memory
    startup_stm32l4r9xx.o(HEAP) refers (Special) to heapauxi.o(.text) for __use_two_region_memory
    startup_stm32l4r9xx.o(RESET) refers (Special) to heapauxi.o(.text) for __use_two_region_memory
    startup_stm32l4r9xx.o(RESET) refers to startup_stm32l4r9xx.o(STACK) for __initial_sp
    startup_stm32l4r9xx.o(RESET) refers to startup_stm32l4r9xx.o(.text) for Reset_Handler
    startup_stm32l4r9xx.o(RESET) refers to stm32l4xx_it.o(i.NMI_Handler) for NMI_Handler
    startup_stm32l4r9xx.o(RESET) refers to stm32l4xx_it.o(i.HardFault_Handler) for HardFault_Handler
    startup_stm32l4r9xx.o(RESET) refers to stm32l4xx_it.o(i.MemManage_Handler) for MemManage_Handler
    startup_stm32l4r9xx.o(RESET) refers to stm32l4xx_it.o(i.BusFault_Handler) for BusFault_Handler
    startup_stm32l4r9xx.o(RESET) refers to stm32l4xx_it.o(i.UsageFault_Handler) for UsageFault_Handler
    startup_stm32l4r9xx.o(RESET) refers to stm32l4xx_it.o(i.SVC_Handler) for SVC_Handler
    startup_stm32l4r9xx.o(RESET) refers to stm32l4xx_it.o(i.DebugMon_Handler) for DebugMon_Handler
    startup_stm32l4r9xx.o(RESET) refers to stm32l4xx_it.o(i.PendSV_Handler) for PendSV_Handler
    startup_stm32l4r9xx.o(RESET) refers to stm32l4xx_it.o(i.SysTick_Handler) for SysTick_Handler
    startup_stm32l4r9xx.o(RESET) refers to stm32l4xx_it.o(i.DMA1_Channel1_IRQHandler) for DMA1_Channel1_IRQHandler
    startup_stm32l4r9xx.o(RESET) refers to stm32l4xx_it.o(i.ADC1_IRQHandler) for ADC1_IRQHandler
    startup_stm32l4r9xx.o(RESET) refers to stm32l4xx_it.o(i.USART3_IRQHandler) for USART3_IRQHandler
    startup_stm32l4r9xx.o(.text) refers (Special) to heapauxi.o(.text) for __use_two_region_memory
    startup_stm32l4r9xx.o(.text) refers to system_stm32l4xx.o(i.SystemInit) for SystemInit
    startup_stm32l4r9xx.o(.text) refers to __main.o(!!!main) for __main
    startup_stm32l4r9xx.o(.text) refers to startup_stm32l4r9xx.o(HEAP) for Heap_Mem
    startup_stm32l4r9xx.o(.text) refers to startup_stm32l4r9xx.o(STACK) for Stack_Mem
    main.o(i.HAL_UART_RxCpltCallback) refers to stm32l4xx_hal_uart.o(i.HAL_UART_Receive_IT) for HAL_UART_Receive_IT
    main.o(i.HAL_UART_RxCpltCallback) refers to main.o(.data) for .data
    main.o(i.HAL_UART_RxCpltCallback) refers to usart.o(.bss) for huart3
    main.o(i.SystemClock_Config) refers to rt_memclr_w.o(.text) for __aeabi_memclr4
    main.o(i.SystemClock_Config) refers to stm32l4xx_hal_pwr_ex.o(i.HAL_PWREx_ControlVoltageScaling) for HAL_PWREx_ControlVoltageScaling
    main.o(i.SystemClock_Config) refers to stm32l4xx_hal_rcc.o(i.HAL_RCC_OscConfig) for HAL_RCC_OscConfig
    main.o(i.SystemClock_Config) refers to stm32l4xx_hal_rcc.o(i.HAL_RCC_ClockConfig) for HAL_RCC_ClockConfig
    main.o(i.main) refers to stm32l4xx_hal.o(i.HAL_Init) for HAL_Init
    main.o(i.main) refers to main.o(i.SystemClock_Config) for SystemClock_Config
    main.o(i.main) refers to gpio.o(i.MX_GPIO_Init) for MX_GPIO_Init
    main.o(i.main) refers to dma.o(i.MX_DMA_Init) for MX_DMA_Init
    main.o(i.main) refers to tim.o(i.MX_TIM2_Init) for MX_TIM2_Init
    main.o(i.main) refers to tim.o(i.MX_TIM3_Init) for MX_TIM3_Init
    main.o(i.main) refers to usart.o(i.MX_USART3_UART_Init) for MX_USART3_UART_Init
    main.o(i.main) refers to adc.o(i.MX_ADC1_Init) for MX_ADC1_Init
    main.o(i.main) refers to stm32l4xx_hal_tim.o(i.HAL_TIM_PWM_Start) for HAL_TIM_PWM_Start
    main.o(i.main) refers to oled.o(i.OLED_Init) for OLED_Init
    main.o(i.main) refers to oled.o(i.OLED_Clear) for OLED_Clear
    main.o(i.main) refers to stm32l4xx_hal_uart.o(i.HAL_UART_Receive_IT) for HAL_UART_Receive_IT
    main.o(i.main) refers to dht11.o(i.DHT11_Rst) for DHT11_Rst
    main.o(i.main) refers to stm32l4xx_hal_adc.o(i.HAL_ADC_Start_DMA) for HAL_ADC_Start_DMA
    main.o(i.main) refers to stm32l4xx_hal.o(i.HAL_Delay) for HAL_Delay
    main.o(i.main) refers to dflt_clz.o(x$fpl$dfltu) for __aeabi_ui2d
    main.o(i.main) refers to dmul.o(x$fpl$dmul) for __aeabi_dmul
    main.o(i.main) refers to daddsub_clz.o(x$fpl$dadd) for __aeabi_dadd
    main.o(i.main) refers to dfixu.o(x$fpl$dfixu) for __aeabi_d2uiz
    main.o(i.main) refers to stm32l4xx_hal_gpio.o(i.HAL_GPIO_WritePin) for HAL_GPIO_WritePin
    main.o(i.main) refers to dht11.o(i.DHT11_Read_Data) for DHT11_Read_Data
    main.o(i.main) refers to oled.o(i.OLED_ShowString) for OLED_ShowString
    main.o(i.main) refers to oled.o(i.OLED_ShowNum) for OLED_ShowNum
    main.o(i.main) refers to tim.o(.bss) for htim2
    main.o(i.main) refers to main.o(.data) for .data
    main.o(i.main) refers to usart.o(.bss) for huart3
    main.o(i.main) refers to adc.o(.bss) for hadc1
[...]
    i.Dht11_DATA_IN                          0x080007c4   Section        0  dht11.o(i.Dht11_DATA_IN)
    i.Dht11_DATA_OUT                         0x080007f0   Section        0  dht11.o(i.Dht11_DATA_OUT)
    i.Error_Handler                          0x0800081c   Section        0  main.o(i.Error_Handler)
    i.HAL_ADCEx_EndOfSamplingCallback        0x08000820   Section        0  stm32l4xx_hal_adc_ex.o(i.HAL_ADCEx_EndOfSamplingCallback)
    i.HAL_ADCEx_InjectedConvCpltCallback     0x08000822   Section        0  stm32l4xx_hal_adc_ex.o(i.HAL_ADCEx_InjectedConvCpltCallback)
    i.HAL_ADCEx_InjectedQueueOverflowCallback 0x08000824   Section        0  stm32l4xx_hal_adc_ex.o(i.HAL_ADCEx_InjectedQueueOverflowCallback)
    i.HAL_ADCEx_LevelOutOfWindow2Callback    0x08000826   Section        0  stm32l4xx_hal_adc_ex.o(i.HAL_ADCEx_LevelOutOfWindow2Callback)
    i.HAL_ADCEx_LevelOutOfWindow3Callback    0x08000828   Section        0  stm32l4xx_hal_adc_ex.o(i.HAL_ADCEx_LevelOutOfWindow3Callback)
    i.HAL_ADC_ConfigChannel                  0x0800082c   Section        0  stm32l4xx_hal_adc.o(i.HAL_ADC_ConfigChannel)
    i.HAL_ADC_ConvCpltCallback               0x08000c3a   Section        0  stm32l4xx_hal_adc.o(i.HAL_ADC_ConvCpltCallback)
    i.HAL_ADC_ConvHalfCpltCallback           0x08000c3c   Section        0  stm32l4xx_hal_adc.o(i.HAL_ADC_ConvHalfCpltCallback)
    i.HAL_ADC_ErrorCallback                  0x08000c3e   Section        0  stm32l4xx_hal_adc.o(i.HAL_ADC_ErrorCallback)
    i.HAL_ADC_IRQHandler                     0x08000c40   Section        0  stm32l4xx_hal_adc.o(i.HAL_ADC_IRQHandler)
    i.HAL_ADC_Init                           0x08000e44   Section        0  stm32l4xx_hal_adc.o(i.HAL_ADC_Init)
    i.HAL_ADC_LevelOutOfWindowCallback       0x08000ff4   Section        0  stm32l4xx_hal_adc.o(i.HAL_ADC_LevelOutOfWindowCallback)
    i.HAL_ADC_MspInit                        0x08000ff8   Section        0  adc.o(i.HAL_ADC_MspInit)
    i.HAL_ADC_Start_DMA                      0x080010f0   Section        0  stm32l4xx_hal_adc.o(i.HAL_ADC_Start_DMA)
    i.HAL_DMA_Abort                          0x080011a4   Section        0  stm32l4xx_hal_dma.o(i.HAL_DMA_Abort)
    i.HAL_DMA_Abort_IT                       0x08001210   Section        0  stm32l4xx_hal_dma.o(i.HAL_DMA_Abort_IT)
    i.HAL_DMA_IRQHandler                     0x08001280   Section        0  stm32l4xx_hal_dma.o(i.HAL_DMA_IRQHandler)
    i.HAL_DMA_Init                           0x0800133c   Section        0  stm32l4xx_hal_dma.o(i.HAL_DMA_Init)
    i.HAL_DMA_Start_IT                       0x080013fc   Section        0  stm32l4xx_hal_dma.o(i.HAL_DMA_Start_IT)
    i.HAL_Delay                              0x08001488   Section        0  stm32l4xx_hal.o(i.HAL_Delay)
    i.HAL_GPIO_Init                          0x080014ac   Section        0  stm32l4xx_hal_gpio.o(i.HAL_GPIO_Init)
    i.HAL_GPIO_ReadPin                       0x08001702   Section        0  stm32l4xx_hal_gpio.o(i.HAL_GPIO_ReadPin)
    i.HAL_GPIO_WritePin                      0x0800170c   Section        0  stm32l4xx_hal_gpio.o(i.HAL_GPIO_WritePin)
    i.HAL_GetTick                            0x08001718   Section        0  stm32l4xx_hal.o(i.HAL_GetTick)
    i.HAL_IncTick                            0x08001724   Section        0  stm32l4xx_hal.o(i.HAL_IncTick)
    i.HAL_Init                               0x08001734   Section        0  stm32l4xx_hal.o(i.HAL_Init)
    i.HAL_InitTick                           0x08001754   Section        0  stm32l4xx_hal.o(i.HAL_InitTick)
    i.HAL_MspInit                            0x08001798   Section        0  stm32l4xx_hal_msp.o(i.HAL_MspInit)
    i.HAL_NVIC_EnableIRQ                     0x080017c4   Section        0  stm32l4xx_hal_cortex.o(i.HAL_NVIC_EnableIRQ)
    i.HAL_NVIC_SetPriority                   0x080017e0   Section        0  stm32l4xx_hal_cortex.o(i.HAL_NVIC_SetPriority)
    i.HAL_NVIC_SetPriorityGrouping           0x08001820   Section        0  stm32l4xx_hal_cortex.o(i.HAL_NVIC_SetPriorityGrouping)
    i.HAL_PWREx_ControlVoltageScaling        0x08001844   Section        0  stm32l4xx_hal_pwr_ex.o(i.HAL_PWREx_ControlVoltageScaling)
    i.HAL_PWREx_EnableVddIO2                 0x08001900   Section        0  stm32l4xx_hal_pwr_ex.o(i.HAL_PWREx_EnableVddIO2)
    i.HAL_PWREx_GetVoltageRange              0x08001910   Section        0  stm32l4xx_hal_pwr_ex.o(i.HAL_PWREx_GetVoltageRange)
    i.HAL_RCCEx_PeriphCLKConfig              0x08001938   Section        0  stm32l4xx_hal_rcc_ex.o(i.HAL_RCCEx_PeriphCLKConfig)
    i.HAL_RCC_ClockConfig                    0x08001dd4   Section        0  stm32l4xx_hal_rcc.o(i.HAL_RCC_ClockConfig)
    i.HAL_RCC_GetHCLKFreq                    0x08001f6c   Section        0  stm32l4xx_hal_rcc.o(i.HAL_RCC_GetHCLKFreq)
    i.HAL_RCC_GetPCLK1Freq                   0x08001f78   Section        0  stm32l4xx_hal_rcc.o(i.HAL_RCC_GetPCLK1Freq)
    i.HAL_RCC_GetPCLK2Freq                   0x08001f9c   Section        0  stm32l4xx_hal_rcc.o(i.HAL_RCC_GetPCLK2Freq)
    i.HAL_RCC_GetSysClockFreq                0x08001fc0   Section        0  stm32l4xx_hal_rcc.o(i.HAL_RCC_GetSysClockFreq)
    i.HAL_RCC_OscConfig                      0x08002064   Section        0  stm32l4xx_hal_rcc.o(i.HAL_RCC_OscConfig)
    i.HAL_SYSTICK_Config                     0x080025cc   Section        0  stm32l4xx_hal_cortex.o(i.HAL_SYSTICK_Config)
    i.HAL_TIMEx_MasterConfigSynchronization  0x080025f4   Section        0  stm32l4xx_hal_tim_ex.o(i.HAL_TIMEx_MasterConfigSynchronization)
    i.HAL_TIM_Base_Init                      0x08002690   Section        0  stm32l4xx_hal_tim.o(i.HAL_TIM_Base_Init)
    i.HAL_TIM_Base_MspInit                   0x080026f4   Section        0  tim.o(i.HAL_TIM_Base_MspInit)
    i.HAL_TIM_ConfigClockSource              0x08002730   Section        0  stm32l4xx_hal_tim.o(i.HAL_TIM_ConfigClockSource)
    i.HAL_TIM_MspPostInit                    0x08002810   Section        0  tim.o(i.HAL_TIM_MspPostInit)
    i.HAL_TIM_PWM_ConfigChannel              0x08002884   Section        0  stm32l4xx_hal_tim.o(i.HAL_TIM_PWM_ConfigChannel)
    i.HAL_TIM_PWM_Init                       0x080029a8   Section        0  stm32l4xx_hal_tim.o(i.HAL_TIM_PWM_Init)
    i.HAL_TIM_PWM_MspInit                    0x08002a0a   Section        0  stm32l4xx_hal_tim.o(i.HAL_TIM_PWM_MspInit)
    i.HAL_TIM_PWM_Start                      0x08002a0c   Section        0  stm32l4xx_hal_tim.o(i.HAL_TIM_PWM_Start)
    i.HAL_UARTEx_DisableFifoMode             0x08002b10   Section        0  stm32l4xx_hal_uart_ex.o(i.HAL_UARTEx_DisableFifoMode)
    i.HAL_UARTEx_RxEventCallback             0x08002b4e   Section        0  stm32l4xx_hal_uart.o(i.HAL_UARTEx_RxEventCallback)
    i.HAL_UARTEx_RxFifoFullCallback          0x08002b50   Section        0  stm32l4xx_hal_uart_ex.o(i.HAL_UARTEx_RxFifoFullCallback)
    i.HAL_UARTEx_SetRxFifoThreshold          0x08002b52   Section        0  stm32l4xx_hal_uart_ex.o(i.HAL_UARTEx_SetRxFifoThreshold)
    i.HAL_UARTEx_SetTxFifoThreshold          0x08002b9e   Section        0  stm32l4xx_hal_uart_ex.o(i.HAL_UARTEx_SetTxFifoThreshold)
    i.HAL_UARTEx_TxFifoEmptyCallback         0x08002bea   Section        0  stm32l4xx_hal_uart_ex.o(i.HAL_UARTEx_TxFifoEmptyCallback)
    i.HAL_UARTEx_WakeupCallback              0x08002bec   Section        0  stm32l4xx_hal_uart_ex.o(i.HAL_UARTEx_WakeupCallback)
    i.HAL_UART_ErrorCallback                 0x08002bee   Section        0  stm32l4xx_hal_uart.o(i.HAL_UART_ErrorCallback)
    i.HAL_UART_IRQHandler                    0x08002bf0   Section        0  stm32l4xx_hal_uart.o(i.HAL_UART_IRQHandler)
    i.HAL_UART_Init                          0x08002efc   Section        0  stm32l4xx_hal_uart.o(i.HAL_UART_Init)
    i.HAL_UART_MspInit                       0x08002f68   Section        0  usart.o(i.HAL_UART_MspInit)
    i.HAL_UART_Receive_IT                    0x08002ff8   Section        0  stm32l4xx_hal_uart.o(i.HAL_UART_Receive_IT)
    i.HAL_UART_RxCpltCallback                0x08003040   Section        0  main.o(i.HAL_UART_RxCpltCallback)
    i.HAL_UART_TxCpltCallback                0x08003094   Section        0  stm32l4xx_hal_uart.o(i.HAL_UART_TxCpltCallback)
    i.HardFault_Handler                      0x08003096   Section        0  stm32l4xx_it.o(i.HardFault_Handler)
    i.IIC_Start                              0x08003098   Section        0  oled.o(i.IIC_Start)
    i.IIC_Stop                               0x080030d0   Section        0  oled.o(i.IIC_Stop)
    i.IIC_Wait_Ack                           0x08003100   Section        0  oled.o(i.IIC_Wait_Ack)
    i.LL_ADC_GetOffsetChannel                0x08003120   Section        0  stm32l4xx_hal_adc.o(i.LL_ADC_GetOffsetChannel)
    LL_ADC_GetOffsetChannel                  0x08003121   Thumb Code    12  stm32l4xx_hal_adc.o(i.LL_ADC_GetOffsetChannel)
    i.LL_ADC_INJ_IsConversionOngoing         0x0800312c   Section        0  stm32l4xx_hal_adc.o(i.LL_ADC_INJ_IsConversionOngoing)
    LL_ADC_INJ_IsConversionOngoing           0x0800312d   Thumb Code     8  stm32l4xx_hal_adc.o(i.LL_ADC_INJ_IsConversionOngoing)
    i.LL_ADC_REG_IsConversionOngoing         0x08003134   Section        0  stm32l4xx_hal_adc.o(i.LL_ADC_REG_IsConversionOngoing)
    LL_ADC_REG_IsConversionOngoing           0x08003135   Thumb Code     8  stm32l4xx_hal_adc.o(i.LL_ADC_REG_IsConversionOngoing)
    i.LL_ADC_REG_IsTriggerSourceSWStart      0x0800313c   Section        0  stm32l4xx_hal_adc.o(i.LL_ADC_REG_IsTriggerSourceSWStart)
    LL_ADC_REG_IsTriggerSourceSWStart        0x0800313d   Thumb Code    16  stm32l4xx_hal_adc.o(i.LL_ADC_REG_IsTriggerSourceSWStart)
    i.LL_ADC_SetChannelSamplingTime          0x0800314c   Section        0  stm32l4xx_hal_adc.o(i.LL_ADC_SetChannelSamplingTime)
    LL_ADC_SetChannelSamplingTime            0x0800314d   Thumb Code    30  stm32l4xx_hal_adc.o(i.LL_ADC_SetChannelSamplingTime)
    i.LL_ADC_SetOffsetState                  0x0800316a   Section        0  stm32l4xx_hal_adc.o(i.LL_ADC_SetOffsetState)
    LL_ADC_SetOffsetState                    0x0800316b   Thumb Code    16  stm32l4xx_hal_adc.o(i.LL_ADC_SetOffsetState)
    i.MX_ADC1_Init                           0x0800317c   Section        0  adc.o(i.MX_ADC1_Init)
    i.MX_DMA_Init                            0x08003228   Section        0  dma.o(i.MX_DMA_Init)
    i.MX_GPIO_Init                           0x08003264   Section        0  gpio.o(i.MX_GPIO_Init)
    i.MX_TIM2_Init                           0x08003388   Section        0  tim.o(i.MX_TIM2_Init)
    i.MX_TIM3_Init                           0x08003428   Section        0  tim.o(i.MX_TIM3_Init)
    i.MX_USART3_UART_Init                    0x080034c8   Section        0  usart.o(i.MX_USART3_UART_Init)
    i.MemManage_Handler                      0x08003530   Section        0  stm32l4xx_it.o(i.MemManage_Handler)
    i.NMI_Handler                            0x08003532   Section        0  stm32l4xx_it.o(i.NMI_Handler)
    i.OLED_Clear                             0x08003534   Section        0  oled.o(i.OLED_Clear)
    i.OLED_Init                              0x08003570   Section        0  oled.o(i.OLED_Init)
    i.OLED_Set_Pos                           0x08003654   Section        0  oled.o(i.OLED_Set_Pos)
    i.OLED_ShowChar                          0x08003680   Section        0  oled.o(i.OLED_ShowChar)
    i.OLED_ShowNum                           0x08003708   Section        0  oled.o(i.OLED_ShowNum)
    i.OLED_ShowString                        0x08003778   Section        0  oled.o(i.OLED_ShowString)
    i.OLED_WR_Byte                           0x080037ae   Section        0  oled.o(i.OLED_WR_Byte)
    i.PendSV_Handler                         0x080037ba   Section        0  stm32l4xx_it.o(i.PendSV_Handler)
    i.RCCEx_PLLSAI1_Config                   0x080037bc   Section        0  stm32l4xx_hal_rcc_ex.o(i.RCCEx_PLLSAI1_Config)
    RCCEx_PLLSAI1_Config                     0x080037bd   Thumb Code   274  stm32l4xx_hal_rcc_ex.o(i.RCCEx_PLLSAI1_Config)
    i.RCCEx_PLLSAI2_Config                   0x080038e4   Section        0  stm32l4xx_hal_rcc_ex.o(i.RCCEx_PLLSAI2_Config)
    RCCEx_PLLSAI2_Config                     0x080038e5   Thumb Code   274  stm32l4xx_hal_rcc_ex.o(i.RCCEx_PLLSAI2_Config)
    i.RCC_GetSysClockFreqFromPLLSource       0x08003a0c   Section        0  stm32l4xx_hal_rcc.o(i.RCC_GetSysClockFreqFromPLLSource)
    RCC_GetSysClockFreqFromPLLSource         0x08003a0d   Thumb Code    96  stm32l4xx_hal_rcc.o(i.RCC_GetSysClockFreqFromPLLSource)
    i.RCC_SetFlashLatencyFromMSIRange        0x08003a7c   Section        0  stm32l4xx_hal_rcc.o(i.RCC_SetFlashLatencyFromMSIRange)
    RCC_SetFlashLatencyFromMSIRange          0x08003a7d   Thumb Code   108  stm32l4xx_hal_rcc.o(i.RCC_SetFlashLatencyFromMSIRange)
    i.SVC_Handler                            0x08003af0   Section        0  stm32l4xx_it.o(i.SVC_Handler)
    i.SysTick_Handler                        0x08003af2   Section        0  stm32l4xx_it.o(i.SysTick_Handler)
    i.SystemClock_Config                     0x08003af6   Section        0  main.o(i.SystemClock_Config)
    i.SystemInit                             0x08003b68   Section        0  system_stm32l4xx.o(i.SystemInit)
    i.TIM_Base_SetConfig                     0x08003b78   Section        0  stm32l4xx_hal_tim.o(i.TIM_Base_SetConfig)
    i.TIM_CCxChannelCmd                      0x08003c38   Section        0  stm32l4xx_hal_tim.o(i.TIM_CCxChannelCmd)
    i.TIM_ETR_SetConfig                      0x08003c52   Section        0  stm32l4xx_hal_tim.o(i.TIM_ETR_SetConfig)
    i.TIM_ITRx_SetConfig                     0x08003c66   Section        0  stm32l4xx_hal_tim.o(i.TIM_ITRx_SetConfig)
    TIM_ITRx_SetConfig                       0x08003c67   Thumb Code    16  stm32l4xx_hal_tim.o(i.TIM_ITRx_SetConfig)
    i.TIM_OC1_SetConfig                      0x08003c78   Section        0  stm32l4xx_hal_tim.o(i.TIM_OC1_SetConfig)
    TIM_OC1_SetConfig                        0x08003c79   Thumb Code   132  stm32l4xx_hal_tim.o(i.TIM_OC1_SetConfig)
    i.TIM_OC2_SetConfig                      0x08003d14   Section        0  stm32l4xx_hal_tim.o(i.TIM_OC2_SetConfig)
    i.TIM_OC3_SetConfig                      0x08003da4   Section        0  stm32l4xx_hal_tim.o(i.TIM_OC3_SetConfig)
    TIM_OC3_SetConfig                        0x08003da5   Thumb Code   118  stm32l4xx_hal_tim.o(i.TIM_OC3_SetConfig)
    i.TIM_OC4_SetConfig                      0x08003e34   Section        0  stm32l4xx_hal_tim.o(i.TIM_OC4_SetConfig)
    TIM_OC4_SetConfig                        0x08003e35   Thumb Code    92  stm32l4xx_hal_tim.o(i.TIM_OC4_SetConfig)
    i.TIM_OC5_SetConfig                      0x08003ea8   Section        0  stm32l4xx_hal_tim.o(i.TIM_OC5_SetConfig)
    TIM_OC5_SetConfig                        0x08003ea9   Thumb Code    86  stm32l4xx_hal_tim.o(i.TIM_OC5_SetConfig)
    i.TIM_OC6_SetConfig                      0x08003f18   Section        0  stm32l4xx_hal_tim.o(i.TIM_OC6_SetConfig)
    TIM_OC6_SetConfig                        0x08003f19   Thumb Code    88  stm32l4xx_hal_tim.o(i.TIM_OC6_SetConfig)
    i.TIM_TI1_ConfigInputStage               0x08003f88   Section        0  stm32l4xx_hal_tim.o(i.TIM_TI1_ConfigInputStage)
    TIM_TI1_ConfigInputStage                 0x08003f89   Thumb Code    34  stm32l4xx_hal_tim.o(i.TIM_TI1_ConfigInputStage)
    i.TIM_TI2_ConfigInputStage               0x08003faa   Section        0  stm32l4xx_hal_tim.o(i.TIM_TI2_ConfigInputStage)
    TIM_TI2_ConfigInputStage                 0x08003fab   Thumb Code    36  stm32l4xx_hal_tim.o(i.TIM_TI2_ConfigInputStage)
    i.UARTEx_SetNbDataToProcess              0x08003fd0   Section        0  stm32l4xx_hal_uart_ex.o(i.UARTEx_SetNbDataToProcess)
    UARTEx_SetNbDataToProcess                0x08003fd1   Thumb Code    62  stm32l4xx_hal_uart_ex.o(i.UARTEx_SetNbDataToProcess)
    i.UART_AdvFeatureConfig                  0x08004014   Section        0  stm32l4xx_hal_uart.o(i.UART_AdvFeatureConfig)
    i.UART_CheckIdleState                    0x080040dc   Section        0  stm32l4xx_hal_uart.o(i.UART_CheckIdleState)
    i.UART_DMAAbortOnError                   0x08004188   Section        0  stm32l4xx_hal_uart.o(i.UART_DMAAbortOnError)
    UART_DMAAbortOnError                     0x08004189   Thumb Code    20  stm32l4xx_hal_uart.o(i.UART_DMAAbortOnError)
    i.UART_EndRxTransfer                     0x0800419c   Section        0  stm32l4xx_hal_uart.o(i.UART_EndRxTransfer)
    UART_EndRxTransfer                       0x0800419d   Thumb Code    78  stm32l4xx_hal_uart.o(i.UART_EndRxTransfer)
    i.UART_RxISR_16BIT                       0x080041f0   Section        0  stm32l4xx_hal_uart.o(i.UART_RxISR_16BIT)
    UART_RxISR_16BIT                         0x080041f1   Thumb Code   196  stm32l4xx_hal_uart.o(i.UART_RxISR_16BIT)
    i.UART_RxISR_16BIT_FIFOEN                0x080042b8   Section        0  stm32l4xx_hal_uart.o(i.UART_RxISR_16BIT_FIFOEN)
    UART_RxISR_16BIT_FIFOEN                  0x080042b9   Thumb Code   404  stm32l4xx_hal_uart.o(i.UART_RxISR_16BIT_FIFOEN)
    i.UART_RxISR_8BIT                        0x08004458   Section        0  stm32l4xx_hal_uart.o(i.UART_RxISR_8BIT)
    UART_RxISR_8BIT                          0x08004459   Thumb Code   196  stm32l4xx_hal_uart.o(i.UART_RxISR_8BIT)
    i.UART_RxISR_8BIT_FIFOEN                 0x08004520   Section        0  stm32l4xx_hal_uart.o(i.UART_RxISR_8BIT_FIFOEN)
    UART_RxISR_8BIT_FIFOEN                   0x08004521   Thumb Code   404  stm32l4xx_hal_uart.o(i.UART_RxISR_8BIT_FIFOEN)
    i.UART_SetConfig                         0x080046c0   Section        0  stm32l4xx_hal_uart.o(i.UART_SetConfig)
    i.UART_Start_Receive_IT                  0x08004958   Section        0  stm32l4xx_hal_uart.o(i.UART_Start_Receive_IT)
    i.UART_WaitOnFlagUntilTimeout            0x08004a68   Section        0  stm32l4xx_hal_uart.o(i.UART_WaitOnFlagUntilTimeout)
    i.USART3_IRQHandler                      0x08004af4   Section        0  stm32l4xx_it.o(i.USART3_IRQHandler)
    i.UsageFault_Handler                     0x08004b00   Section        0  stm32l4xx_it.o(i.UsageFault_Handler)
    i.Write_IIC_Byte                         0x08004b04   Section        0  oled.o(i.Write_IIC_Byte)
    i.Write_IIC_Command                      0x08004b5c   Section        0  oled.o(i.Write_IIC_Command)
    i.Write_IIC_Data                         0x08004b8a   Section        0  oled.o(i.Write_IIC_Data)
    i.__NVIC_SetPriority                     0x08004bb8   Section        0  stm32l4xx_hal_cortex.o(i.__NVIC_SetPriority)
    __NVIC_SetPriority                       0x08004bb9   Thumb Code    32  stm32l4xx_hal_cortex.o(i.__NVIC_SetPriority)
    i.main                                   0x08004bd8   Section        0  main.o(i.main)
    i.oled_pow                               0x08004edc   Section        0  oled.o(i.oled_pow)
    x$fpl$dadd                               0x08004eec   Section      336  daddsub_clz.o(x$fpl$dadd)
    $v0                                      0x08004eec   Number         0  daddsub_clz.o(x$fpl$dadd)
    _dadd1                                   0x08004efd   Thumb Code     0  daddsub_clz.o(x$fpl$dadd)
    x$fpl$dfixu                              0x0800503c   Section       90  dfixu.o(x$fpl$dfixu)
    $v0                                      0x0800503c   Number         0  dfixu.o(x$fpl$dfixu)
    x$fpl$dfltu                              0x08005096   Section       38  dflt_clz.o(x$fpl$dfltu)
    $v0                                      0x08005096   Number         0  dflt_clz.o(x$fpl$dfltu)
    x$fpl$dmul                               0x080050bc   Section      340  dmul.o(x$fpl$dmul)
    $v0                                      0x080050bc   Number         0  dmul.o(x$fpl$dmul)
    x$fpl$dnaninf                            0x08005210   Section      156  dnaninf.o(x$fpl$dnaninf)
    $v0                                      0x08005210   Number         0  dnaninf.o(x$fpl$dnaninf)
    x$fpl$dretinf                            0x080052ac   Section       12  dretinf.o(x$fpl$dretinf)
    $v0                                      0x080052ac   Number         0  dretinf.o(x$fpl$dretinf)
    x$fpl$dsub                               0x080052b8   Section      468  daddsub_clz.o(x$fpl$dsub)
    $v0                                      0x080052b8   Number         0  daddsub_clz.o(x$fpl$dsub)
    _dsub1                                   0x080052c9   Thumb Code     0  daddsub_clz.o(x$fpl$dsub)
    x$fpl$fpinit                             0x0800548c   Section       10  fpinit.o(x$fpl$fpinit)
    $v0                                      0x0800548c   Number         0  fpinit.o(x$fpl$fpinit)
    .constdata                               0x08005496   Section     2072  oled.o(.constdata)
    x$fpl$usenofp                            0x08005496   Section        0  usenofp.o(x$fpl$usenofp)
    .constdata                               0x08005cae   Section       24  stm32l4xx_hal_uart.o(.constdata)
    .constdata                               0x08005cc6   Section       16  stm32l4xx_hal_uart_ex.o(.constdata)
    numerator                                0x08005cc6   Data           8  stm32l4xx_hal_uart_ex.o(.constdata)
    denominator                              0x08005cce   Data           8  stm32l4xx_hal_uart_ex.o(.constdata)
    .constdata                               0x08005cd8   Section       64  system_stm32l4xx.o(.constdata)
    .constdata                               0x08005d18   Section        8  system_stm32l4xx.o(.constdata)
    .data                                    0x20000000   Section        2  main.o(.data)
    .data                                    0x20000004   Section       12  stm32l4xx_hal.o(.data)
    .data                                    0x20000010   Section        4  system_stm32l4xx.o(.data)
    .bss                                     0x20000014   Section      200  adc.o(.bss)
    .bss                                     0x200000dc   Section      152  tim.o(.bss)
    .bss                                     0x20000174   Section      148  usart.o(.bss)
    .bss                                     0x20000208   Section       96  libspace.o(.bss)
    HEAP                                     0x20000268   Section      512  startup_stm32l4r9xx.o(HEAP)
    Heap_Mem                                 0x20000268   Data         512  startup_stm32l4r9xx.o(HEAP)
    STACK                                    0x20000468   Section     1024  startup_stm32l4r9xx.o(STACK)
    Stack_Mem                                0x20000468   Data        1024  startup_stm32l4r9xx.o(STACK)
    __initial_sp                             0x20000868   Data           0  startup_stm32l4r9xx.o(STACK)

    Global Symbols

    Symbol Name                              Value     Ov Type        Size  Object(Section)

    BuildAttributes$$THM_ISAv4$E$P$D$K$B$S$7EM$VFPi3$EXTD16$VFPS$VFMA$PE$A:L22UL41UL21$X:L11$S22US41US21$IEEE1$IW$USESV6$~STKCKD$USESV7$~SHL$OSPACE$ROPI$EBA8$UX$STANDARDLIB$REQ8$PRES8$EABIv2 0x00000000   Number         0  anon$$obj.o ABSOLUTE
    __ARM_use_no_argv                        0x00000000   Number         0  main.o ABSOLUTE
    __ARM_exceptions_init                     - Undefined Weak Reference
    __alloca_initialize                       - Undefined Weak Reference
    __arm_preinit_                            - Undefined Weak Reference
    __cpp_initialize__aeabi_                  - Undefined Weak Reference
    __cxa_finalize                            - Undefined Weak Reference
    __rt_locale                               - Undefined Weak Reference
    __sigvec_lookup                           - Undefined Weak Reference
    _atexit_init                              - Undefined Weak Reference
    _call_atexit_fns                          - Undefined Weak Reference
    _clock_init                               - Undefined Weak Reference
    _fp_trap_init                             - Undefined Weak Reference
    _fp_trap_shutdown                         - Undefined Weak Reference
    _get_lc_collate                           - Undefined Weak Reference
    _get_lc_ctype                             - Undefined Weak Reference
    _get_lc_monetary                          - Undefined Weak Reference
    _get_lc_numeric                           - Undefined Weak Reference
    _get_lc_time                              - Undefined Weak Reference
    _getenv_init                              - Undefined Weak Reference
    _handle_redirection                       - Undefined Weak Reference
    _init_alloc                               - Undefined Weak Reference
    _init_user_alloc                          - Undefined Weak Reference
    _initio                                   - Undefined Weak Reference
    _rand_init                                - Undefined Weak Reference
    _signal_finish                            - Undefined Weak Reference
    _signal_init                              - Undefined Weak Reference
    _terminate_alloc                          - Undefined Weak Reference
    _terminate_user_alloc                     - Undefined Weak Reference
    _terminateio                              - Undefined Weak Reference
    __Vectors_Size                           0x000001bc   Number         0  startup_stm32l4r9xx.o ABSOLUTE
    __Vectors                                0x08000000   Data           4  startup_stm32l4r9xx.o(RESET)
    __Vectors_End                            0x080001bc   Data           0  startup_stm32l4r9xx.o(RESET)
    __main                                   0x080001bd   Thumb Code     8  __main.o(!!!main)
    __scatterload                            0x080001c5   Thumb Code     0  __scatter.o(!!!scatter)
    __scatterload_rt2                        0x080001c5   Thumb Code    44  __scatter.o(!!!scatter)
    __scatterload_rt2_thumb_only             0x080001c5   Thumb Code     0  __scatter.o(!!!scatter)
    __scatterload_null                       0x080001d3   Thumb Code     0  __scatter.o(!!!scatter)
    __scatterload_copy                       0x080001f9   Thumb Code    26  __scatter_copy.o(!!handler_copy)
    __scatterload_zeroinit                   0x08000215   Thumb Code    28  __scatter_zi.o(!!handler_zi)
    __rt_lib_init                            0x08000231   Thumb Code     0  libinit.o(.ARM.Collect$$libinit$$00000000)
    __rt_lib_init_fp_1                       0x08000233   Thumb Code     0  libinit2.o(.ARM.Collect$$libinit$$00000001)
    __rt_lib_init_alloca_1                   0x08000237   Thumb Code     0  libinit2.o(.ARM.Collect$$libinit$$0000002E)
    __rt_lib_init_argv_1                     0x08000237   Thumb Code     0  libinit2.o(.ARM.Collect$$libinit$$0000002C)
    __rt_lib_init_atexit_1                   0x08000237   Thumb Code     0  libinit2.o(.ARM.Collect$$libinit$$0000001B)
    __rt_lib_init_clock_1                    0x08000237   Thumb Code     0  libinit2.o(.ARM.Collect$$libinit$$00000021)
    __rt_lib_init_cpp_1                      0x08000237   Thumb Code     0  libinit2.o(.ARM.Collect$$libinit$$00000032)
    __rt_lib_init_exceptions_1               0x08000237   Thumb Code     0  libinit2.o(.ARM.Collect$$libinit$$00000030)
    __rt_lib_init_fp_trap_1                  0x08000237   Thumb Code     0  libinit2.o(.ARM.Collect$$libinit$$0000001F)
    __rt_lib_init_getenv_1                   0x08000237   Thumb Code     0  libinit2.o(.ARM.Collect$$libinit$$00000023)
    __rt_lib_init_heap_1                     0x08000237   Thumb Code     0  libinit2.o(.ARM.Collect$$libinit$$0000000A)
    __rt_lib_init_lc_collate_1               0x08000237   Thumb Code     0  libinit2.o(.ARM.Collect$$libinit$$00000011)
    __rt_lib_init_lc_ctype_1                 0x08000237   Thumb Code     0  libinit2.o(.ARM.Collect$$libinit$$00000013)
    __rt_lib_init_lc_monetary_1              0x08000237   Thumb Code     0  libinit2.o(.ARM.Collect$$libinit$$00000015)
    __rt_lib_init_lc_numeric_1               0x08000237   Thumb Code     0  libinit2.o(.ARM.Collect$$libinit$$00000017)
    __rt_lib_init_lc_time_1                  0x08000237   Thumb Code     0  libinit2.o(.ARM.Collect$$libinit$$00000019)
    __rt_lib_init_preinit_1                  0x08000237   Thumb Code     0  libinit2.o(.ARM.Collect$$libinit$$00000004)
    __rt_lib_init_rand_1                     0x08000237   Thumb Code     0  libinit2.o(.ARM.Collect$$libinit$$0000000E)
    __rt_lib_init_return                     0x08000237   Thumb Code     0  libinit2.o(.ARM.Collect$$libinit$$00000033)
    __rt_lib_init_signal_1                   0x08000237   Thumb Code     0  libinit2.o(.ARM.Collect$$libinit$$0000001D)
    __rt_lib_init_stdio_1                    0x08000237   Thumb Code     0  libinit2.o(.ARM.Collect$$libinit$$00000025)
    __rt_lib_init_user_alloc_1               0x08000237   Thumb Code     0  libinit2.o(.ARM.Collect$$libinit$$0000000C)
    __rt_lib_shutdown                        0x08000239   Thumb Code     0  libshutdown.o(.ARM.Collect$$libshutdown$$00000000)
    __rt_lib_shutdown_cpp_1                  0x0800023b   Thumb Code     0  libshutdown2.o(.ARM.Collect$$libshutdown$$00000002)
    __rt_lib_shutdown_fp_trap_1              0x0800023b   Thumb Code     0  libshutdown2.o(.ARM.Collect$$libshutdown$$00000007)
    __rt_lib_shutdown_heap_1                 0x0800023b   Thumb Code     0  libshutdown2.o(.ARM.Collect$$libshutdown$$0000000F)
    __rt_lib_shutdown_return                 0x0800023b   Thumb Code     0  libshutdown2.o(.ARM.Collect$$libshutdown$$00000010)
    __rt_lib_shutdown_signal_1               0x0800023b   Thumb Code     0  libshutdown2.o(.ARM.Collect$$libshutdown$$0000000A)
    __rt_lib_shutdown_stdio_1                0x0800023b   Thumb Code     0  libshutdown2.o(.ARM.Collect$$libshutdown$$00000004)
    __rt_lib_shutdown_user_alloc_1           0x0800023b   Thumb Code     0  libshutdown2.o(.ARM.Collect$$libshutdown$$0000000C)
    __rt_entry                               0x0800023d   Thumb Code     0  __rtentry.o(.ARM.Collect$$rtentry$$00000000)
    __rt_entry_presh_1                       0x0800023d   Thumb Code     0  __rtentry2.o(.ARM.Collect$$rtentry$$00000002)
    __rt_entry_sh                            0x0800023d   Thumb Code     0  __rtentry4.o(.ARM.Collect$$rtentry$$00000004)
    __rt_entry_li                            0x08000243   Thumb Code     0  __rtentry2.o(.ARM.Collect$$rtentry$$0000000A)
    __rt_entry_postsh_1                      0x08000243   Thumb Code     0  __rtentry2.o(.ARM.Collect$$rtentry$$00000009)
    __rt_entry_main                          0x08000247   Thumb Code     0  __rtentry2.o(.ARM.Collect$$rtentry$$0000000D)
    __rt_entry_postli_1                      0x08000247   Thumb Code     0  __rtentry2.o(.ARM.Collect$$rtentry$$0000000C)
    __rt_exit                                0x0800024f   Thumb Code     0  rtexit.o(.ARM.Collect$$rtexit$$00000000)
    __rt_exit_ls                             0x08000251   Thumb Code     0  rtexit2.o(.ARM.Collect$$rtexit$$00000003)
    __rt_exit_prels_1                        0x08000251   Thumb Code     0  rtexit2.o(.ARM.Collect$$rtexit$$00000002)
    __rt_exit_exit                           0x08000255   Thumb Code     0  rtexit2.o(.ARM.Collect$$rtexit$$00000004)
    Reset_Handler                            0x0800025d   Thumb Code     8  startup_stm32l4r9xx.o(.text)
    CAN1_RX0_IRQHandler                      0x08000277   Thumb Code     0  startup_stm32l4r9xx.o(.text)
    CAN1_RX1_IRQHandler                      0x08000277   Thumb Code     0  startup_stm32l4r9xx.o(.text)
    CAN1_SCE_IRQHandler                      0x08000277   Thumb Code     0  startup_stm32l4r9xx.o(.text)
    CAN1_TX_IRQHandler                       0x08000277   Thumb Code     0  startup_stm32l4r9xx.o(.text)
    COMP_IRQHandler                          0x08000277   Thumb Code     0  startup_stm32l4r9xx.o(.text)
    CRS_IRQHandler                           0x08000277   Thumb Code     0  startup_stm32l4r9xx.o(.text)
    DCMI_IRQHandler                          0x08000277   Thumb Code     0  startup_stm32l4r9xx.o(.text)
    DFSDM1_FLT0_IRQHandler                   0x08000277   Thumb Code     0  startup_stm32l4r9xx.o(.text)
    DFSDM1_FLT1_IRQHandler                   0x08000277   Thumb Code     0  startup_stm32l4r9xx.o(.text)
    DFSDM1_FLT2_IRQHandler                   0x08000277   Thumb Code     0  startup_stm32l4r9xx.o(.text)
    DFSDM1_FLT3_IRQHandler                   0x08000277   Thumb Code     0  startup_stm32l4r9xx.o(.text)
    DMA1_Channel2_IRQHandler                 0x08000277   Thumb Code     0  startup_stm32l4r9xx.o(.text)
    DMA1_Channel3_IRQHandler                 0x08000277   Thumb Code     0  startup_stm32l4r9xx.o(.text)
    DMA1_Channel4_IRQHandler                 0x08000277   Thumb Code     0  startup_stm32l4r9xx.o(.text)
    DMA1_Channel5_IRQHandler                 0x08000277   Thumb Code     0  startup_stm32l4r9xx.o(.text)
    DMA1_Channel6_IRQHandler                 0x08000277   Thumb Code     0  startup_stm32l4r9xx.o(.text)
    DMA1_Channel7_IRQHandler                 0x08000277   Thumb Code     0  startup_stm32l4r9xx.o(.text)
    DMA2D_IRQHandler                         0x08000277   Thumb Code     0  startup_stm32l4r9xx.o(.text)
    DMA2_Channel1_IRQHandler                 0x08000277   Thumb Code     0  startup_stm32l4r9xx.o(.text)
    DMA2_Channel2_IRQHandler                 0x08000277   Thumb Code     0  startup_stm32l4r9xx.o(.text)
    DMA2_Channel3_IRQHandler                 0x08000277   Thumb Code     0  startup_stm32l4r9xx.o(.text)
    DMA2_Channel4_IRQHandler                 0x08000277   Thumb Code     0  startup_stm32l4r9xx.o(.text)
    DMA2_Channel5_IRQHandler                 0x08000277   Thumb Code     0  startup_stm32l4r9xx.o(.text)
    DMA2_Channel6_IRQHandler                 0x08000277   Thumb Code     0  startup_stm32l4r9xx.o(.text)
    DMA2_Channel7_IRQHandler                 0x08000277   Thumb Code     0  startup_stm32l4r9xx.o(.text)
    DMAMUX1_OVR_IRQHandler                   0x08000277   Thumb Code     0  startup_stm32l4r9xx.o(.text)
    DSI_IRQHandler                           0x08000277   Thumb Code     0  startup_stm32l4r9xx.o(.text)
    EXTI0_IRQHandler                         0x08000277   Thumb Code     0  startup_stm32l4r9xx.o(.text)
    EXTI15_10_IRQHandler                     0x08000277   Thumb Code     0  startup_stm32l4r9xx.o(.text)
    EXTI1_IRQHandler                         0x08000277   Thumb Code     0  startup_stm32l4r9xx.o(.text)
    EXTI2_IRQHandler                         0x08000277   Thumb Code     0  startup_stm32l4r9xx.o(.text)
    EXTI3_IRQHandler                         0x08000277   Thumb Code     0  startup_stm32l4r9xx.o(.text)
    EXTI4_IRQHandler                         0x08000277   Thumb Code     0  startup_stm32l4r9xx.o(.text)
    EXTI9_5_IRQHandler                       0x08000277   Thumb Code     0  startup_stm32l4r9xx.o(.text)
    FLASH_IRQHandler                         0x08000277   Thumb Code     0  startup_stm32l4r9xx.o(.text)
    FMC_IRQHandler                           0x08000277   Thumb Code     0  startup_stm32l4r9xx.o(.text)
    FPU_IRQHandler                           0x08000277   Thumb Code     0  startup_stm32l4r9xx.o(.text)
    GFXMMU_IRQHandler                        0x08000277   Thumb Code     0  startup_stm32l4r9xx.o(.text)
    I2C1_ER_IRQHandler                       0x08000277   Thumb Code     0  startup_stm32l4r9xx.o(.text)
    I2C1_EV_IRQHandler                       0x08000277   Thumb Code     0  startup_stm32l4r9xx.o(.text)
    I2C2_ER_IRQHandler                       0x08000277   Thumb Code     0  startup_stm32l4r9xx.o(.text)
    I2C2_EV_IRQHandler                       0x08000277   Thumb Code     0  startup_stm32l4r9xx.o(.text)
    I2C3_ER_IRQHandler                       0x08000277   Thumb Code     0  startup_stm32l4r9xx.o(.text)
    I2C3_EV_IRQHandler                       0x08000277   Thumb Code     0  startup_stm32l4r9xx.o(.text)
    I2C4_ER_IRQHandler                       0x08000277   Thumb Code     0  startup_stm32l4r9xx.o(.text)
    I2C4_EV_IRQHandler                       0x08000277   Thumb Code     0  startup_stm32l4r9xx.o(.text)
    LPTIM1_IRQHandler                        0x08000277   Thumb Code     0  startup_stm32l4r9xx.o(.text)
    LPTIM2_IRQHandler                        0x08000277   Thumb Code     0  startup_stm32l4r9xx.o(.text)
    LPUART1_IRQHandler                       0x08000277   Thumb Code     0  startup_stm32l4r9xx.o(.text)
    LTDC_ER_IRQHandler                       0x08000277   Thumb Code     0  startup_stm32l4r9xx.o(.text)
    LTDC_IRQHandler                          0x08000277   Thumb Code     0  startup_stm32l4r9xx.o(.text)
    OCTOSPI1_IRQHandler                      0x08000277   Thumb Code     0  startup_stm32l4r9xx.o(.text)
    OCTOSPI2_IRQHandler                      0x08000277   Thumb Code     0  startup_stm32l4r9xx.o(.text)
    OTG_FS_IRQHandler                        0x08000277   Thumb Code     0  startup_stm32l4r9xx.o(.text)
    PVD_PVM_IRQHandler                       0x08000277   Thumb Code     0  startup_stm32l4r9xx.o(.text)
    RCC_IRQHandler                           0x08000277   Thumb Code     0  startup_stm32l4r9xx.o(.text)
    RNG_IRQHandler                           0x08000277   Thumb Code     0  startup_stm32l4r9xx.o(.text)
    RTC_Alarm_IRQHandler                     0x08000277   Thumb Code     0  startup_stm32l4r9xx.o(.text)
    RTC_WKUP_IRQHandler                      0x08000277   Thumb Code     0  startup_stm32l4r9xx.o(.text)
    SAI1_IRQHandler                          0x08000277   Thumb Code     0  startup_stm32l4r9xx.o(.text)
    SAI2_IRQHandler                          0x08000277   Thumb Code     0  startup_stm32l4r9xx.o(.text)
    SDMMC1_IRQHandler                        0x08000277   Thumb Code     0  startup_stm32l4r9xx.o(.text)
    SPI1_IRQHandler                          0x08000277   Thumb Code     0  startup_stm32l4r9xx.o(.text)
    SPI2_IRQHandler                          0x08000277   Thumb Code     0  startup_stm32l4r9xx.o(.text)
    SPI3_IRQHandler                          0x08000277   Thumb Code     0  startup_stm32l4r9xx.o(.text)
    TAMP_STAMP_IRQHandler                    0x08000277   Thumb Code     0  startup_stm32l4r9xx.o(.text)
    TIM1_BRK_TIM15_IRQHandler                0x08000277   Thumb Code     0  startup_stm32l4r9xx.o(.text)
    TIM1_CC_IRQHandler                       0x08000277   Thumb Code     0  startup_stm32l4r9xx.o(.text)
    TIM1_TRG_COM_TIM17_IRQHandler            0x08000277   Thumb Code     0  startup_stm32l4r9xx.o(.text)
    TIM1_UP_TIM16_IRQHandler                 0x08000277   Thumb Code     0  startup_stm32l4r9xx.o(.text)
    TIM2_IRQHandler                          0x08000277   Thumb Code     0  startup_stm32l4r9xx.o(.text)
    TIM3_IRQHandler                          0x08000277   Thumb Code     0  startup_stm32l4r9xx.o(.text)
    TIM4_IRQHandler                          0x08000277   Thumb Code     0  startup_stm32l4r9xx.o(.text)
    TIM5_IRQHandler                          0x08000277   Thumb Code     0  startup_stm32l4r9xx.o(.text)
    TIM6_DAC_IRQHandler                      0x08000277   Thumb Code     0  startup_stm32l4r9xx.o(.text)
    TIM7_IRQHandler                          0x08000277   Thumb Code     0  startup_stm32l4r9xx.o(.text)
    TIM8_BRK_IRQHandler                      0x08000277   Thumb Code     0  startup_stm32l4r9xx.o(.text)
    TIM8_CC_IRQHandler                       0x08000277   Thumb Code     0  startup_stm32l4r9xx.o(.text)
    TIM8_TRG_COM_IRQHandler                  0x08000277   Thumb Code     0  startup_stm32l4r9xx.o(.text)
    TIM8_UP_IRQHandler                       0x08000277   Thumb Code     0  startup_stm32l4r9xx.o(.text)
    TSC_IRQHandler                           0x08000277   Thumb Code     0  startup_stm32l4r9xx.o(.text)
    UART4_IRQHandler                         0x08000277   Thumb Code     0  startup_stm32l4r9xx.o(.text)
    UART5_IRQHandler                         0x08000277   Thumb Code     0  startup_stm32l4r9xx.o(.text)
    USART1_IRQHandler                        0x08000277   Thumb Code     0  startup_stm32l4r9xx.o(.text)
    USART2_IRQHandler                        0x08000277   Thumb Code     0  startup_stm32l4r9xx.o(.text)
    WWDG_IRQHandler                          0x08000277   Thumb Code     0  startup_stm32l4r9xx.o(.text)
    __user_initial_stackheap                 0x08000279   Thumb Code     0  startup_stm32l4r9xx.o(.text)
    __aeabi_uldivmod                         0x0800029d   Thumb Code     0  lludivv7m.o(.text)
    _ll_udiv                                 0x0800029d   Thumb Code   238  lludivv7m.o(.text)
    __aeabi_memclr4                          0x0800038b   Thumb Code     0  rt_memclr_w.o(.text)
    __aeabi_memclr8                          0x0800038b   Thumb Code     0  rt_memclr_w.o(.text)
    __rt_memclr_w                            0x0800038b   Thumb Code    78  rt_memclr_w.o(.text)
    _memset_w                                0x0800038f   Thumb Code     0  rt_memclr_w.o(.text)
    __use_two_region_memory                  0x080003d9   Thumb Code     2  heapauxi.o(.text)
    __rt_heap_escrow$2region                 0x080003db   Thumb Code     2  heapauxi.o(.text)
    __rt_heap_expand$2region                 0x080003dd   Thumb Code     2  heapauxi.o(.text)
    __user_setup_stackheap                   0x080003df   Thumb Code    74  sys_stackheap_outer.o(.text)
    exit                                     0x08000429   Thumb Code    18  exit.o(.text)
    __user_libspace                          0x0800043d   Thumb Code     8  libspace.o(.text)
    __user_perproc_libspace                  0x0800043d   Thumb Code     0  libspace.o(.text)
    __user_perthread_libspace                0x0800043d   Thumb Code     0  libspace.o(.text)
    _sys_exit                                0x08000445   Thumb Code     8  sys_exit.o(.text)
    __I$use$semihosting                      0x08000451   Thumb Code     0  use_no_semi.o(.text)
    __use_no_semihosting_swi                 0x08000451   Thumb Code     2  use_no_semi.o(.text)
    __semihosting_library_function           0x08000453   Thumb Code     0  indicate_semi.o(.text)
    ADC1_IRQHandler                          0x08000455   Thumb Code     6  stm32l4xx_it.o(i.ADC1_IRQHandler)
    ADC_DMAConvCplt                          0x08000461   Thumb Code   104  stm32l4xx_hal_adc.o(i.ADC_DMAConvCplt)
    ADC_DMAError                             0x080004c9   Thumb Code    26  stm32l4xx_hal_adc.o(i.ADC_DMAError)
    ADC_DMAHalfConvCplt                      0x080004e3   Thumb Code    10  stm32l4xx_hal_adc.o(i.ADC_DMAHalfConvCplt)
    ADC_Enable                               0x080004ed   Thumb Code   154  stm32l4xx_hal_adc.o(i.ADC_Enable)
    BusFault_Handler                         0x08000599   Thumb Code     2  stm32l4xx_it.o(i.BusFault_Handler)
    DHT11_Check                              0x0800059d   Thumb Code    90  dht11.o(i.DHT11_Check)
    DHT11_Read_Bit                           0x080005fd   Thumb Code    88  dht11.o(i.DHT11_Read_Bit)
    DHT11_Read_Byte                          0x08000659   Thumb Code    26  dht11.o(i.DHT11_Read_Byte)
    DHT11_Read_Data                          0x08000673   Thumb Code    80  dht11.o(i.DHT11_Read_Data)
    DHT11_Rst                                0x080006c5   Thumb Code    48  dht11.o(i.DHT11_Rst)
    DMA1_Channel1_IRQHandler                 0x080006f9   Thumb Code     6  stm32l4xx_it.o(i.DMA1_Channel1_IRQHandler)
    DebugMon_Handler                         0x080007a7   Thumb Code     2  stm32l4xx_it.o(i.DebugMon_Handler)
    Delay_us                                 0x080007a9   Thumb Code    22  dht11.o(i.Delay_us)
    Dht11_DATA_IN                            0x080007c5   Thumb Code    38  dht11.o(i.Dht11_DATA_IN)
    Dht11_DATA_OUT                           0x080007f1   Thumb Code    40  dht11.o(i.Dht11_DATA_OUT)
    Error_Handler                            0x0800081d   Thumb Code     4  main.o(i.Error_Handler)
    HAL_ADCEx_EndOfSamplingCallback          0x08000821   Thumb Code     2  stm32l4xx_hal_adc_ex.o(i.HAL_ADCEx_EndOfSamplingCallback)
    HAL_ADCEx_InjectedConvCpltCallback       0x08000823   Thumb Code     2  stm32l4xx_hal_adc_ex.o(i.HAL_ADCEx_InjectedConvCpltCallback)
    HAL_ADCEx_InjectedQueueOverflowCallback  0x08000825   Thumb Code     2  stm32l4xx_hal_adc_ex.o(i.HAL_ADCEx_InjectedQueueOverflowCallback)
    HAL_ADCEx_LevelOutOfWindow2Callback      0x08000827   Thumb Code     2  stm32l4xx_hal_adc_ex.o(i.HAL_ADCEx_LevelOutOfWindow2Callback)
    HAL_ADCEx_LevelOutOfWindow3Callback      0x08000829   Thumb Code     2  stm32l4xx_hal_adc_ex.o(i.HAL_ADCEx_LevelOutOfWindow3Callback)
    HAL_ADC_ConfigChannel                    0x0800082d   Thumb Code   986  stm32l4xx_hal_adc.o(i.HAL_ADC_ConfigChannel)
    HAL_ADC_ConvCpltCallback                 0x08000c3b   Thumb Code     2  stm32l4xx_hal_adc.o(i.HAL_ADC_ConvCpltCallback)
    HAL_ADC_ConvHalfCpltCallback             0x08000c3d   Thumb Code     2  stm32l4xx_hal_adc.o(i.HAL_ADC_ConvHalfCpltCallback)
    HAL_ADC_ErrorCallback                    0x08000c3f   Thumb Code     2  stm32l4xx_hal_adc.o(i.HAL_ADC_ErrorCallback)
    HAL_ADC_IRQHandler                       0x08000c41   Thumb Code   514  stm32l4xx_hal_adc.o(i.HAL_ADC_IRQHandler)
    HAL_ADC_Init                             0x08000e45   Thumb Code   398  stm32l4xx_hal_adc.o(i.HAL_ADC_Init)
    HAL_ADC_LevelOutOfWindowCallback         0x08000ff5   Thumb Code     2  stm32l4xx_hal_adc.o(i.HAL_ADC_LevelOutOfWindowCallback)
    HAL_ADC_MspInit                          0x08000ff9   Thumb Code   228  adc.o(i.HAL_ADC_MspInit)
    HAL_ADC_Start_DMA                        0x080010f1   Thumb Code   162  stm32l4xx_hal_adc.o(i.HAL_ADC_Start_DMA)
    HAL_DMA_Abort                            0x080011a5   Thumb Code   108  stm32l4xx_hal_dma.o(i.HAL_DMA_Abort)
    HAL_DMA_Abort_IT                         0x08001211   Thumb Code   112  stm32l4xx_hal_dma.o(i.HAL_DMA_Abort_IT)
    HAL_DMA_IRQHandler                       0x08001281   Thumb Code   186  stm32l4xx_hal_dma.o(i.HAL_DMA_IRQHandler)
    HAL_DMA_Init                             0x0800133d   Thumb Code   178  stm32l4xx_hal_dma.o(i.HAL_DMA_Init)
    HAL_DMA_Start_IT                         0x080013fd   Thumb Code   140  stm32l4xx_hal_dma.o(i.HAL_DMA_Start_IT)
    HAL_Delay                                0x08001489   Thumb Code    32  stm32l4xx_hal.o(i.HAL_Delay)
    HAL_GPIO_Init                            0x080014ad   Thumb Code   552  stm32l4xx_hal_gpio.o(i.HAL_GPIO_Init)
    HAL_GPIO_ReadPin                         0x08001703   Thumb Code    10  stm32l4xx_hal_gpio.o(i.HAL_GPIO_ReadPin)
    HAL_GPIO_WritePin                        0x0800170d   Thumb Code    10  stm32l4xx_hal_gpio.o(i.HAL_GPIO_WritePin)
    HAL_GetTick                              0x08001719   Thumb Code     6  stm32l4xx_hal.o(i.HAL_GetTick)
    HAL_IncTick                              0x08001725   Thumb Code    12  stm32l4xx_hal.o(i.HAL_IncTick)
    HAL_Init                                 0x08001735   Thumb Code    30  stm32l4xx_hal.o(i.HAL_Init)
    HAL_InitTick                             0x08001755   Thumb Code    58  stm32l4xx_hal.o(i.HAL_InitTick)
    HAL_MspInit                              0x08001799   Thumb Code    38  stm32l4xx_hal_msp.o(i.HAL_MspInit)
    HAL_NVIC_EnableIRQ                       0x080017c5   Thumb Code    26  stm32l4xx_hal_cortex.o(i.HAL_NVIC_EnableIRQ)
    HAL_NVIC_SetPriority                     0x080017e1   Thumb Code    60  stm32l4xx_hal_cortex.o(i.HAL_NVIC_SetPriority)
    HAL_NVIC_SetPriorityGrouping             0x08001821   Thumb Code    26  stm32l4xx_hal_cortex.o(i.HAL_NVIC_SetPriorityGrouping)
    HAL_PWREx_ControlVoltageScaling          0x08001845   Thumb Code   174  stm32l4xx_hal_pwr_ex.o(i.HAL_PWREx_ControlVoltageScaling)
    HAL_PWREx_EnableVddIO2                   0x08001901   Thumb Code    12  stm32l4xx_hal_pwr_ex.o(i.HAL_PWREx_EnableVddIO2)
    HAL_PWREx_GetVoltageRange                0x08001911   Thumb Code    36  stm32l4xx_hal_pwr_ex.o(i.HAL_PWREx_GetVoltageRange)
    HAL_RCCEx_PeriphCLKConfig                0x08001939   Thumb Code  1172  stm32l4xx_hal_rcc_ex.o(i.HAL_RCCEx_PeriphCLKConfig)
    HAL_RCC_ClockConfig                      0x08001dd5   Thumb Code   384  stm32l4xx_hal_rcc.o(i.HAL_RCC_ClockConfig)
    HAL_RCC_GetHCLKFreq                      0x08001f6d   Thumb Code     6  stm32l4xx_hal_rcc.o(i.HAL_RCC_GetHCLKFreq)
    HAL_RCC_GetPCLK1Freq                     0x08001f79   Thumb Code    24  stm32l4xx_hal_rcc.o(i.HAL_RCC_GetPCLK1Freq)
    HAL_RCC_GetPCLK2Freq                     0x08001f9d   Thumb Code    24  stm32l4xx_hal_rcc.o(i.HAL_RCC_GetPCLK2Freq)
    HAL_RCC_GetSysClockFreq                  0x08001fc1   Thumb Code   150  stm32l4xx_hal_rcc.o(i.HAL_RCC_GetSysClockFreq)
    HAL_RCC_OscConfig                        0x08002065   Thumb Code  1374  stm32l4xx_hal_rcc.o(i.HAL_RCC_OscConfig)
    HAL_SYSTICK_Config                       0x080025cd   Thumb Code    40  stm32l4xx_hal_cortex.o(i.HAL_SYSTICK_Config)
    HAL_TIMEx_MasterConfigSynchronization    0x080025f5   Thumb Code   130  stm32l4xx_hal_tim_ex.o(i.HAL_TIMEx_MasterConfigSynchronization)
    HAL_TIM_Base_Init                        0x08002691   Thumb Code    98  stm32l4xx_hal_tim.o(i.HAL_TIM_Base_Init)
    HAL_TIM_Base_MspInit                     0x080026f5   Thumb Code    52  tim.o(i.HAL_TIM_Base_MspInit)
    HAL_TIM_ConfigClockSource                0x08002731   Thumb Code   220  stm32l4xx_hal_tim.o(i.HAL_TIM_ConfigClockSource)
    HAL_TIM_MspPostInit                      0x08002811   Thumb Code   108  tim.o(i.HAL_TIM_MspPostInit)
    HAL_TIM_PWM_ConfigChannel                0x08002885   Thumb Code   292  stm32l4xx_hal_tim.o(i.HAL_TIM_PWM_ConfigChannel)
    HAL_TIM_PWM_Init                         0x080029a9   Thumb Code    98  stm32l4xx_hal_tim.o(i.HAL_TIM_PWM_Init)
    HAL_TIM_PWM_MspInit                      0x08002a0b   Thumb Code     2  stm32l4xx_hal_tim.o(i.HAL_TIM_PWM_MspInit)
    HAL_TIM_PWM_Start                        0x08002a0d   Thumb Code   224  stm32l4xx_hal_tim.o(i.HAL_TIM_PWM_Start)
    HAL_UARTEx_DisableFifoMode               0x08002b11   Thumb Code    62  stm32l4xx_hal_uart_ex.o(i.HAL_UARTEx_DisableFifoMode)
    HAL_UARTEx_RxEventCallback               0x08002b4f   Thumb Code     2  stm32l4xx_hal_uart.o(i.HAL_UARTEx_RxEventCallback)
    HAL_UARTEx_RxFifoFullCallback            0x08002b51   Thumb Code     2  stm32l4xx_hal_uart_ex.o(i.HAL_UARTEx_RxFifoFullCallback)
    HAL_UARTEx_SetRxFifoThreshold            0x08002b53   Thumb Code    76  stm32l4xx_hal_uart_ex.o(i.HAL_UARTEx_SetRxFifoThreshold)
    HAL_UARTEx_SetTxFifoThreshold            0x08002b9f   Thumb Code    76  stm32l4xx_hal_uart_ex.o(i.HAL_UARTEx_SetTxFifoThreshold)
    HAL_UARTEx_TxFifoEmptyCallback           0x08002beb   Thumb Code     2  stm32l4xx_hal_uart_ex.o(i.HAL_UARTEx_TxFifoEmptyCallback)
    HAL_UARTEx_WakeupCallback                0x08002bed   Thumb Code     2  stm32l4xx_hal_uart_ex.o(i.HAL_UARTEx_WakeupCallback)
    HAL_UART_ErrorCallback                   0x08002bef   Thumb Code     2  stm32l4xx_hal_uart.o(i.HAL_UART_ErrorCallback)
    HAL_UART_IRQHandler                      0x08002bf1   Thumb Code   766  stm32l4xx_hal_uart.o(i.HAL_UART_IRQHandler)
    HAL_UART_Init                            0x08002efd   Thumb Code   106  stm32l4xx_hal_uart.o(i.HAL_UART_Init)
    HAL_UART_MspInit                         0x08002f69   Thumb Code   132  usart.o(i.HAL_UART_MspInit)
    HAL_UART_Receive_IT                      0x08002ff9   Thumb Code    66  stm32l4xx_hal_uart.o(i.HAL_UART_Receive_IT)
    HAL_UART_RxCpltCallback                  0x08003041   Thumb Code    74  main.o(i.HAL_UART_RxCpltCallback)
    HAL_UART_TxCpltCallback                  0x08003095   Thumb Code     2  stm32l4xx_hal_uart.o(i.HAL_UART_TxCpltCallback)
    HardFault_Handler                        0x08003097   Thumb Code     2  stm32l4xx_it.o(i.HardFault_Handler)
    IIC_Start                                0x08003099   Thumb Code    50  oled.o(i.IIC_Start)
    IIC_Stop                                 0x080030d1   Thumb Code    42  oled.o(i.IIC_Stop)
    IIC_Wait_Ack                             0x08003101   Thumb Code    28  oled.o(i.IIC_Wait_Ack)
    MX_ADC1_Init                             0x0800317d   Thumb Code   152  adc.o(i.MX_ADC1_Init)
    MX_DMA_Init                              0x08003229   Thumb Code    56  dma.o(i.MX_DMA_Init)
    MX_GPIO_Init                             0x08003265   Thumb Code   262  gpio.o(i.MX_GPIO_Init)
    MX_TIM2_Init                             0x08003389   Thumb Code   154  tim.o(i.MX_TIM2_Init)
    MX_TIM3_Init                             0x08003429   Thumb Code   152  tim.o(i.MX_TIM3_Init)
    MX_USART3_UART_Init                      0x080034c9   Thumb Code    94  usart.o(i.MX_USART3_UART_Init)
    MemManage_Handler                        0x08003531   Thumb Code     2  stm32l4xx_it.o(i.MemManage_Handler)
    NMI_Handler                              0x08003533   Thumb Code     2  stm32l4xx_it.o(i.NMI_Handler)
    OLED_Clear                               0x08003535   Thumb Code    60  oled.o(i.OLED_Clear)
    OLED_Init                                0x08003571   Thumb Code   228  oled.o(i.OLED_Init)
    OLED_Set_Pos                             0x08003655   Thumb Code    42  oled.o(i.OLED_Set_Pos)
    OLED_ShowChar                            0x08003681   Thumb Code   128  oled.o(i.OLED_ShowChar)
    OLED_ShowNum                             0x08003709   Thumb Code   106  oled.o(i.OLED_ShowNum)
    OLED_ShowString                          0x08003779   Thumb Code    54  oled.o(i.OLED_ShowString)
    OLED_WR_Byte                             0x080037af   Thumb Code    12  oled.o(i.OLED_WR_Byte)
    PendSV_Handler                           0x080037bb   Thumb Code     2  stm32l4xx_it.o(i.PendSV_Handler)
    SVC_Handler                              0x08003af1   Thumb Code     2  stm32l4xx_it.o(i.SVC_Handler)
    SysTick_Handler                          0x08003af3   Thumb Code     4  stm32l4xx_it.o(i.SysTick_Handler)
    SystemClock_Config                       0x08003af7   Thumb Code   114  main.o(i.SystemClock_Config)
    SystemInit                               0x08003b69   Thumb Code    12  system_stm32l4xx.o(i.SystemInit)
    TIM_Base_SetConfig                       0x08003b79   Thumb Code   160  stm32l4xx_hal_tim.o(i.TIM_Base_SetConfig)
    TIM_CCxChannelCmd                        0x08003c39   Thumb Code    26  stm32l4xx_hal_tim.o(i.TIM_CCxChannelCmd)
    TIM_ETR_SetConfig                        0x08003c53   Thumb Code    20  stm32l4xx_hal_tim.o(i.TIM_ETR_SetConfig)
    TIM_OC2_SetConfig                        0x08003d15   Thumb Code   120  stm32l4xx_hal_tim.o(i.TIM_OC2_SetConfig)
    UART_AdvFeatureConfig                    0x08004015   Thumb Code   200  stm32l4xx_hal_uart.o(i.UART_AdvFeatureConfig)
    UART_CheckIdleState                      0x080040dd   Thumb Code   172  stm32l4xx_hal_uart.o(i.UART_CheckIdleState)
    UART_SetConfig                           0x080046c1   Thumb Code   614  stm32l4xx_hal_uart.o(i.UART_SetConfig)
    UART_Start_Receive_IT                    0x08004959   Thumb Code   256  stm32l4xx_hal_uart.o(i.UART_Start_Receive_IT)
    UART_WaitOnFlagUntilTimeout              0x08004a69   Thumb Code   140  stm32l4xx_hal_uart.o(i.UART_WaitOnFlagUntilTimeout)
    USART3_IRQHandler                        0x08004af5   Thumb Code     6  stm32l4xx_it.o(i.USART3_IRQHandler)
    UsageFault_Handler                       0x08004b01   Thumb Code     2  stm32l4xx_it.o(i.UsageFault_Handler)
    Write_IIC_Byte                           0x08004b05   Thumb Code    82  oled.o(i.Write_IIC_Byte)
    Write_IIC_Command                        0x08004b5d   Thumb Code    46  oled.o(i.Write_IIC_Command)
    Write_IIC_Data                           0x08004b8b   Thumb Code    46  oled.o(i.Write_IIC_Data)
    main                                     0x08004bd9   Thumb Code   652  main.o(i.main)
    oled_pow                                 0x08004edd   Thumb Code    16  oled.o(i.oled_pow)
    __aeabi_dadd                             0x08004eed   Thumb Code     0  daddsub_clz.o(x$fpl$dadd)
    _dadd                                    0x08004eed   Thumb Code   332  daddsub_clz.o(x$fpl$dadd)
    __aeabi_d2uiz                            0x0800503d   Thumb Code     0  dfixu.o(x$fpl$dfixu)
    _dfixu                                   0x0800503d   Thumb Code    90  dfixu.o(x$fpl$dfixu)
    __aeabi_ui2d                             0x08005097   Thumb Code     0  dflt_clz.o(x$fpl$dfltu)
    _dfltu                                   0x08005097   Thumb Code    38  dflt_clz.o(x$fpl$dfltu)
    __aeabi_dmul                             0x080050bd   Thumb Code     0  dmul.o(x$fpl$dmul)
    _dmul                                    0x080050bd   Thumb Code   332  dmul.o(x$fpl$dmul)
    __fpl_dnaninf                            0x08005211   Thumb Code   156  dnaninf.o(x$fpl$dnaninf)
    __fpl_dretinf                            0x080052ad   Thumb Code    12  dretinf.o(x$fpl$dretinf)
    __aeabi_dsub                             0x080052b9   Thumb Code     0  daddsub_clz.o(x$fpl$dsub)
    _dsub                                    0x080052b9   Thumb Code   464  daddsub_clz.o(x$fpl$dsub)
    _fp_init                                 0x0800548d   Thumb Code    10  fpinit.o(x$fpl$fpinit)
    __fplib_config_fpu_vfp                   0x08005495   Thumb Code     0  fpinit.o(x$fpl$fpinit)
    __fplib_config_pureend_doubles           0x08005495   Thumb Code     0  fpinit.o(x$fpl$fpinit)
    F6x8                                     0x08005496   Data         552  oled.o(.constdata)
    __I$use$fp                               0x08005496   Number         0  usenofp.o(x$fpl$usenofp)
    F8X16                                    0x080056be   Data        1520  oled.o(.constdata)
    UARTPrescTable                           0x08005cae   Data          24  stm32l4xx_hal_uart.o(.constdata)
    AHBPrescTable                            0x08005cd8   Data          16  system_stm32l4xx.o(.constdata)
    MSIRangeTable                            0x08005ce8   Data          48  system_stm32l4xx.o(.constdata)
    APBPrescTable                            0x08005d18   Data           8  system_stm32l4xx.o(.constdata)
    Region$$Table$$Base                      0x08005d20   Number         0  anon$$obj.o(Region$$Table)
    Region$$Table$$Limit                     0x08005d40   Number         0  anon$$obj.o(Region$$Table)
    seep                                     0x20000000   Data           1  main.o(.data)
    RecieveBuffer                            0x20000001   Data           1  main.o(.data)
    uwTickFreq                               0x20000004   Data           1  stm32l4xx_hal.o(.data)
    uwTickPrio                               0x20000008   Data           4  stm32l4xx_hal.o(.data)
    uwTick                                   0x2000000c   Data           4  stm32l4xx_hal.o(.data)
    SystemCoreClock                          0x20000010   Data           4  system_stm32l4xx.o(.data)
    hadc1                                    0x20000014   Data         104  adc.o(.bss)
    hdma_adc1                                0x2000007c   Data          96  adc.o(.bss)
    htim2                                    0x200000dc   Data          76  tim.o(.bss)
    htim3                                    0x20000128   Data          76  tim.o(.bss)
    huart3                                   0x20000174   Data         148  usart.o(.bss)
    __libspace_start                         0x20000208   Data          96  libspace.o(.bss)
    __temporary_stack_top$libspace           0x20000268   Data           0  libspace.o(.bss)



==============================================================================

Memory Map of the image

  Image Entry point : 0x080001bd

  Load Region LR_IROM1 (Base: 0x08000000, Size: 0x00005d54, Max: 0x00200000, ABSOLUTE)

    Execution Region ER_IROM1 (Exec base: 0x08000000, Load base: 0x08000000, Size: 0x00005d40, Max: 0x00200000, ABSOLUTE)

    Exec Addr    Load Addr    Size         Type   Attr      Idx    E Section Name        Object

    0x08000000   0x08000000   0x000001bc   Data   RO            3    RESET               startup_stm32l4r9xx.o
    0x080001bc   0x080001bc   0x00000008   Code   RO         4301  * !!!main             c_w.l(__main.o)
    0x080001c4   0x080001c4   0x00000034   Code   RO         4491    !!!scatter          c_w.l(__scatter.o)
    0x080001f8   0x080001f8   0x0000001a   Code   RO         4493    !!handler_copy      c_w.l(__scatter_copy.o)
    0x08000212   0x08000212   0x00000002   PAD
    0x08000214   0x08000214   0x0000001c   Code   RO         4495    !!handler_zi        c_w.l(__scatter_zi.o)
    0x08000230   0x08000230   0x00000002   Code   RO         4361    .ARM.Collect$$libinit$$00000000  c_w.l(libinit.o)
    0x08000232   0x08000232   0x00000004   Code   RO         4373    .ARM.Collect$$libinit$$00000001  c_w.l(libinit2.o)
    0x08000236   0x08000236   0x00000000   Code   RO         4376    .ARM.Collect$$libinit$$00000004  c_w.l(libinit2.o)
    0x08000236   0x08000236   0x00000000   Code   RO         4379    .ARM.Collect$$libinit$$0000000A  c_w.l(libinit2.o)
    0x08000236   0x08000236   0x00000000   Code   RO         4381    .ARM.Collect$$libinit$$0000000C  c_w.l(libinit2.o)
    0x08000236   0x08000236   0x00000000   Code   RO         4383    .ARM.Collect$$libinit$$0000000E  c_w.l(libinit2.o)
    0x08000236   0x08000236   0x00000000   Code   RO         4386    .ARM.Collect$$libinit$$00000011  c_w.l(libinit2.o)
    0x08000236   0x08000236   0x00000000   Code   RO         4388    .ARM.Collect$$libinit$$00000013  c_w.l(libinit2.o)
    0x08000236   0x08000236   0x00000000   Code   RO         4390    .ARM.Collect$$libinit$$00000015  c_w.l(libinit2.o)
    0x08000236   0x08000236   0x00000000   Code   RO         4392    .ARM.Collect$$libinit$$00000017  c_w.l(libinit2.o)
    0x08000236   0x08000236   0x00000000   Code   RO         4394    .ARM.Collect$$libinit$$00000019  c_w.l(libinit2.o)
    0x08000236   0x08000236   0x00000000   Code   RO         4396    .ARM.Collect$$libinit$$0000001B  c_w.l(libinit2.o)
    0x08000236   0x08000236   0x00000000   Code   RO         4398    .ARM.Collect$$libinit$$0000001D  c_w.l(libinit2.o)
    0x08000236   0x08000236   0x00000000   Code   RO         4400    .ARM.Collect$$libinit$$0000001F  c_w.l(libinit2.o)
    0x08000236   0x08000236   0x00000000   Code   RO         4402    .ARM.Collect$$libinit$$00000021  c_w.l(libinit2.o)
    0x08000236   0x08000236   0x00000000   Code   RO         4404    .ARM.Collect$$libinit$$00000023  c_w.l(libinit2.o)
    0x08000236   0x08000236   0x00000000   Code   RO         4406    .ARM.Collect$$libinit$$00000025  c_w.l(libinit2.o)
    0x08000236   0x08000236   0x00000000   Code   RO         4410    .ARM.Collect$$libinit$$0000002C  c_w.l(libinit2.o)
    0x08000236   0x08000236   0x00000000   Code   RO         4412    .ARM.Collect$$libinit$$0000002E  c_w.l(libinit2.o)
    0x08000236   0x08000236   0x00000000   Code   RO         4414    .ARM.Collect$$libinit$$00000030  c_w.l(libinit2.o)
    0x08000236   0x08000236   0x00000000   Code   RO         4416    .ARM.Collect$$libinit$$00000032  c_w.l(libinit2.o)
    0x08000236   0x08000236   0x00000002   Code   RO         4417    .ARM.Collect$$libinit$$00000033  c_w.l(libinit2.o)
    0x08000238   0x08000238   0x00000002   Code   RO         4448    .ARM.Collect$$libshutdown$$00000000  c_w.l(libshutdown.o)
    0x0800023a   0x0800023a   0x00000000   Code   RO         4474    .ARM.Collect$$libshutdown$$00000002  c_w.l(libshutdown2.o)
    0x0800023a   0x0800023a   0x00000000   Code   RO         4476    .ARM.Collect$$libshutdown$$00000004  c_w.l(libshutdown2.o)
    0x0800023a   0x0800023a   0x00000000   Code   RO         4479    .ARM.Collect$$libshutdown$$00000007  c_w.l(libshutdown2.o)
    0x0800023a   0x0800023a   0x00000000   Code   RO         4482    .ARM.Collect$$libshutdown$$0000000A  c_w.l(libshutdown2.o)
    0x0800023a   0x0800023a   0x00000000   Code   RO         4484    .ARM.Collect$$libshutdown$$0000000C  c_w.l(libshutdown2.o)
    0x0800023a   0x0800023a   0x00000000   Code   RO         4487    .ARM.Collect$$libshutdown$$0000000F  c_w.l(libshutdown2.o)
    0x0800023a   0x0800023a   0x00000002   Code   RO         4488    .ARM.Collect$$libshutdown$$00000010  c_w.l(libshutdown2.o)
    0x0800023c   0x0800023c   0x00000000   Code   RO         4321    .ARM.Collect$$rtentry$$00000000  c_w.l(__rtentry.o)
    0x0800023c   0x0800023c   0x00000000   Code   RO         4332    .ARM.Collect$$rtentry$$00000002  c_w.l(__rtentry2.o)
    0x0800023c   0x0800023c   0x00000006   Code   RO         4344    .ARM.Collect$$rtentry$$00000004  c_w.l(__rtentry4.o)
    0x08000242   0x08000242   0x00000000   Code   RO         4334    .ARM.Collect$$rtentry$$00000009  c_w.l(__rtentry2.o)
    0x08000242   0x08000242   0x00000004   Code   RO         4335    .ARM.Collect$$rtentry$$0000000A  c_w.l(__rtentry2.o)
    0x08000246   0x08000246   0x00000000   Code   RO         4337    .ARM.Collect$$rtentry$$0000000C  c_w.l(__rtentry2.o)
    0x08000246   0x08000246   0x00000008   Code   RO         4338    .ARM.Collect$$rtentry$$0000000D  c_w.l(__rtentry2.o)
    0x0800024e   0x0800024e   0x00000002   Code   RO         4365    .ARM.Collect$$rtexit$$00000000  c_w.l(rtexit.o)
    0x08000250   0x08000250   0x00000000   Code   RO         4421    .ARM.Collect$$rtexit$$00000002  c_w.l(rtexit2.o)
    0x08000250   0x08000250   0x00000004   Code   RO         4422    .ARM.Collect$$rtexit$$00000003  c_w.l(rtexit2.o)
    0x08000254   0x08000254   0x00000006   Code   RO         4423    .ARM.Collect$$rtexit$$00000004  c_w.l(rtexit2.o)
    0x0800025a   0x0800025a   0x00000002   PAD
    0x0800025c   0x0800025c   0x00000040   Code   RO            4    .text               startup_stm32l4r9xx.o
    0x0800029c   0x0800029c   0x000000ee   Code   RO         4295    .text               c_w.l(lludivv7m.o)
    0x0800038a   0x0800038a   0x0000004e   Code   RO         4297    .text               c_w.l(rt_memclr_w.o)
    0x080003d8   0x080003d8   0x00000006   Code   RO         4299    .text               c_w.l(heapauxi.o)
    0x080003de   0x080003de   0x0000004a   Code   RO         4348    .text               c_w.l(sys_stackheap_outer.o)
    0x08000428   0x08000428   0x00000012   Code   RO         4350    .text               c_w.l(exit.o)
    0x0800043a   0x0800043a   0x00000002   PAD
    0x0800043c   0x0800043c   0x00000008   Code   RO         4362    .text               c_w.l(libspace.o)
    0x08000444   0x08000444   0x0000000c   Code   RO         4418    .text               c_w.l(sys_exit.o)
    0x08000450   0x08000450   0x00000002   Code   RO         4437    .text               c_w.l(use_no_semi.o)
    0x08000452   0x08000452   0x00000000   Code   RO         4439    .text               c_w.l(indicate_semi.o)
    0x08000452   0x08000452   0x00000002   PAD
    0x08000454   0x08000454   0x0000000c   Code   RO          377    i.ADC1_IRQHandler   stm32l4xx_it.o
    0x08000460   0x08000460   0x00000068   Code   RO          720    i.ADC_DMAConvCplt   stm32l4xx_hal_adc.o
    0x080004c8   0x080004c8   0x0000001a   Code   RO          721    i.ADC_DMAError      stm32l4xx_hal_adc.o
    0x080004e2   0x080004e2   0x0000000a   Code   RO          722    i.ADC_DMAHalfConvCplt  stm32l4xx_hal_adc.o
    0x080004ec   0x080004ec   0x000000ac   Code   RO          724    i.ADC_Enable        stm32l4xx_hal_adc.o
    0x08000598   0x08000598   0x00000002   Code   RO          378    i.BusFault_Handler  stm32l4xx_it.o
    0x0800059a   0x0800059a   0x00000002   PAD
    0x0800059c   0x0800059c   0x00000060   Code   RO          495    i.DHT11_Check       dht11.o
    0x080005fc   0x080005fc   0x0000005c   Code   RO          496    i.DHT11_Read_Bit    dht11.o
    0x08000658   0x08000658   0x0000001a   Code   RO          497    i.DHT11_Read_Byte   dht11.o
    0x08000672   0x08000672   0x00000050   Code   RO          498    i.DHT11_Read_Data   dht11.o
    0x080006c2   0x080006c2   0x00000002   PAD
    0x080006c4   0x080006c4   0x00000034   Code   RO          499    i.DHT11_Rst         dht11.o
    0x080006f8   0x080006f8   0x0000000c   Code   RO          379    i.DMA1_Channel1_IRQHandler  stm32l4xx_it.o
    0x08000704   0x08000704   0x00000040   Code   RO         1969    i.DMA_CalcDMAMUXChannelBaseAndMask  stm32l4xx_hal_dma.o
    0x08000744   0x08000744   0x00000024   Code   RO         1970    i.DMA_CalcDMAMUXRequestGenBaseAndMask  stm32l4xx_hal_dma.o
    0x08000768   0x08000768   0x0000003e   Code   RO         1971    i.DMA_SetConfig     stm32l4xx_hal_dma.o
    0x080007a6   0x080007a6   0x00000002   Code   RO          380    i.DebugMon_Handler  stm32l4xx_it.o
    0x080007a8   0x080007a8   0x0000001c   Code   RO          500    i.Delay_us          dht11.o
    0x080007c4   0x080007c4   0x0000002c   Code   RO          501    i.Dht11_DATA_IN     dht11.o
    0x080007f0   0x080007f0   0x0000002c   Code   RO          502    i.Dht11_DATA_OUT    dht11.o
    0x0800081c   0x0800081c   0x00000004   Code   RO           13    i.Error_Handler     main.o
    0x08000820   0x08000820   0x00000002   Code   RO          954    i.HAL_ADCEx_EndOfSamplingCallback  stm32l4xx_hal_adc_ex.o
    0x08000822   0x08000822   0x00000002   Code   RO          957    i.HAL_ADCEx_InjectedConvCpltCallback  stm32l4xx_hal_adc_ex.o
    0x08000824   0x08000824   0x00000002   Code   RO          960    i.HAL_ADCEx_InjectedQueueOverflowCallback  stm32l4xx_hal_adc_ex.o
    0x08000826   0x08000826   0x00000002   Code   RO          965    i.HAL_ADCEx_LevelOutOfWindow2Callback  stm32l4xx_hal_adc_ex.o
    0x08000828   0x08000828   0x00000002   Code   RO          966    i.HAL_ADCEx_LevelOutOfWindow3Callback  stm32l4xx_hal_adc_ex.o
    0x0800082a   0x0800082a   0x00000002   PAD
    0x0800082c   0x0800082c   0x0000040e   Code   RO          726    i.HAL_ADC_ConfigChannel  stm32l4xx_hal_adc.o
    0x08000c3a   0x08000c3a   0x00000002   Code   RO          727    i.HAL_ADC_ConvCpltCallback  stm32l4xx_hal_adc.o
    0x08000c3c   0x08000c3c   0x00000002   Code   RO          728    i.HAL_ADC_ConvHalfCpltCallback  stm32l4xx_hal_adc.o
    0x08000c3e   0x08000c3e   0x00000002   Code   RO          730    i.HAL_ADC_ErrorCallback  stm32l4xx_hal_adc.o
    0x08000c40   0x08000c40   0x00000202   Code   RO          734    i.HAL_ADC_IRQHandler  stm32l4xx_hal_adc.o
    0x08000e42   0x08000e42   0x00000002   PAD
    0x08000e44   0x08000e44   0x000001b0   Code   RO          735    i.HAL_ADC_Init      stm32l4xx_hal_adc.o
    0x08000ff4   0x08000ff4   0x00000002   Code   RO          736    i.HAL_ADC_LevelOutOfWindowCallback  stm32l4xx_hal_adc.o
    0x08000ff6   0x08000ff6   0x00000002   PAD
    0x08000ff8   0x08000ff8   0x000000f8   Code   RO          216    i.HAL_ADC_MspInit   adc.o
    0x080010f0   0x080010f0   0x000000b4   Code   RO          742    i.HAL_ADC_Start_DMA  stm32l4xx_hal_adc.o
    0x080011a4   0x080011a4   0x0000006c   Code   RO         1972    i.HAL_DMA_Abort     stm32l4xx_hal_dma.o
    0x08001210   0x08001210   0x00000070   Code   RO         1973    i.HAL_DMA_Abort_IT  stm32l4xx_hal_dma.o
    0x08001280   0x08001280   0x000000ba   Code   RO         1977    i.HAL_DMA_IRQHandler  stm32l4xx_hal_dma.o
    0x0800133a   0x0800133a   0x00000002   PAD
    0x0800133c   0x0800133c   0x000000c0   Code   RO         1978    i.HAL_DMA_Init      stm32l4xx_hal_dma.o
    0x080013fc   0x080013fc   0x0000008c   Code   RO         1982    i.HAL_DMA_Start_IT  stm32l4xx_hal_dma.o
    0x08001488   0x08001488   0x00000024   Code   RO         1133    i.HAL_Delay         stm32l4xx_hal.o
    0x080014ac   0x080014ac   0x00000256   Code   RO         1906    i.HAL_GPIO_Init     stm32l4xx_hal_gpio.o
    0x08001702   0x08001702   0x0000000a   Code   RO         1908    i.HAL_GPIO_ReadPin  stm32l4xx_hal_gpio.o
    0x0800170c   0x0800170c   0x0000000a   Code   RO         1910    i.HAL_GPIO_WritePin  stm32l4xx_hal_gpio.o
    0x08001716   0x08001716   0x00000002   PAD
    0x08001718   0x08001718   0x0000000c   Code   RO         1137    i.HAL_GetTick       stm32l4xx_hal.o
    0x08001724   0x08001724   0x00000010   Code   RO         1143    i.HAL_IncTick       stm32l4xx_hal.o
    0x08001734   0x08001734   0x0000001e   Code   RO         1144    i.HAL_Init          stm32l4xx_hal.o
    0x08001752   0x08001752   0x00000002   PAD
    0x08001754   0x08001754   0x00000044   Code   RO         1145    i.HAL_InitTick      stm32l4xx_hal.o
    0x08001798   0x08001798   0x0000002c   Code   RO          471    i.HAL_MspInit       stm32l4xx_hal_msp.o
    0x080017c4   0x080017c4   0x0000001a   Code   RO         2517    i.HAL_NVIC_EnableIRQ  stm32l4xx_hal_cortex.o
    0x080017de   0x080017de   0x00000002   PAD
    0x080017e0   0x080017e0   0x00000040   Code   RO         2523    i.HAL_NVIC_SetPriority  stm32l4xx_hal_cortex.o
    0x08001820   0x08001820   0x00000024   Code   RO         2524    i.HAL_NVIC_SetPriorityGrouping  stm32l4xx_hal_cortex.o
    0x08001844   0x08001844   0x000000bc   Code   RO         2237    i.HAL_PWREx_ControlVoltageScaling  stm32l4xx_hal_pwr_ex.o
    0x08001900   0x08001900   0x00000010   Code   RO         2266    i.HAL_PWREx_EnableVddIO2  stm32l4xx_hal_pwr_ex.o
    0x08001910   0x08001910   0x00000028   Code   RO         2272    i.HAL_PWREx_GetVoltageRange  stm32l4xx_hal_pwr_ex.o
    0x08001938   0x08001938   0x0000049a   Code   RO         1497    i.HAL_RCCEx_PeriphCLKConfig  stm32l4xx_hal_rcc_ex.o
    0x08001dd2   0x08001dd2   0x00000002   PAD
    0x08001dd4   0x08001dd4   0x00000198   Code   RO         1361    i.HAL_RCC_ClockConfig  stm32l4xx_hal_rcc.o
    0x08001f6c   0x08001f6c   0x0000000c   Code   RO         1365    i.HAL_RCC_GetHCLKFreq  stm32l4xx_hal_rcc.o
    0x08001f78   0x08001f78   0x00000024   Code   RO         1367    i.HAL_RCC_GetPCLK1Freq  stm32l4xx_hal_rcc.o
    0x08001f9c   0x08001f9c   0x00000024   Code   RO         1368    i.HAL_RCC_GetPCLK2Freq  stm32l4xx_hal_rcc.o
    0x08001fc0   0x08001fc0   0x000000a4   Code   RO         1370    i.HAL_RCC_GetSysClockFreq  stm32l4xx_hal_rcc.o
    0x08002064   0x08002064   0x00000568   Code   RO         1373    i.HAL_RCC_OscConfig  stm32l4xx_hal_rcc.o
    0x080025cc   0x080025cc   0x00000028   Code   RO         2528    i.HAL_SYSTICK_Config  stm32l4xx_hal_cortex.o
    0x080025f4   0x080025f4   0x0000009c   Code   RO         3457    i.HAL_TIMEx_MasterConfigSynchronization  stm32l4xx_hal_tim_ex.o
    0x08002690   0x08002690   0x00000062   Code   RO         2721    i.HAL_TIM_Base_Init  stm32l4xx_hal_tim.o
    0x080026f2   0x080026f2   0x00000002   PAD
    0x080026f4   0x080026f4   0x0000003c   Code   RO          282    i.HAL_TIM_Base_MspInit  tim.o
    0x08002730   0x08002730   0x000000e0   Code   RO         2730    i.HAL_TIM_ConfigClockSource  stm32l4xx_hal_tim.o
    0x08002810   0x08002810   0x00000074   Code   RO          283    i.HAL_TIM_MspPostInit  tim.o
    0x08002884   0x08002884   0x00000124   Code   RO         2793    i.HAL_TIM_PWM_ConfigChannel  stm32l4xx_hal_tim.o
    0x080029a8   0x080029a8   0x00000062   Code   RO         2796    i.HAL_TIM_PWM_Init  stm32l4xx_hal_tim.o
    0x08002a0a   0x08002a0a   0x00000002   Code   RO         2798    i.HAL_TIM_PWM_MspInit  stm32l4xx_hal_tim.o
    0x08002a0c   0x08002a0c   0x00000104   Code   RO         2801    i.HAL_TIM_PWM_Start  stm32l4xx_hal_tim.o
    0x08002b10   0x08002b10   0x0000003e   Code   RO         4140    i.HAL_UARTEx_DisableFifoMode  stm32l4xx_hal_uart_ex.o
    0x08002b4e   0x08002b4e   0x00000002   Code   RO         3729    i.HAL_UARTEx_RxEventCallback  stm32l4xx_hal_uart.o
    0x08002b50   0x08002b50   0x00000002   Code   RO         4148    i.HAL_UARTEx_RxFifoFullCallback  stm32l4xx_hal_uart_ex.o
    0x08002b52   0x08002b52   0x0000004c   Code   RO         4149    i.HAL_UARTEx_SetRxFifoThreshold  stm32l4xx_hal_uart_ex.o
    0x08002b9e   0x08002b9e   0x0000004c   Code   RO         4150    i.HAL_UARTEx_SetTxFifoThreshold  stm32l4xx_hal_uart_ex.o
    0x08002bea   0x08002bea   0x00000002   Code   RO         4152    i.HAL_UARTEx_TxFifoEmptyCallback  stm32l4xx_hal_uart_ex.o
    0x08002bec   0x08002bec   0x00000002   Code   RO         4153    i.HAL_UARTEx_WakeupCallback  stm32l4xx_hal_uart_ex.o
    0x08002bee   0x08002bee   0x00000002   Code   RO         3745    i.HAL_UART_ErrorCallback  stm32l4xx_hal_uart.o
    0x08002bf0   0x08002bf0   0x0000030c   Code   RO         3748    i.HAL_UART_IRQHandler  stm32l4xx_hal_uart.o
    0x08002efc   0x08002efc   0x0000006a   Code   RO         3749    i.HAL_UART_Init     stm32l4xx_hal_uart.o
    0x08002f66   0x08002f66   0x00000002   PAD
    0x08002f68   0x08002f68   0x00000090   Code   RO          336    i.HAL_UART_MspInit  usart.o
    0x08002ff8   0x08002ff8   0x00000048   Code   RO         3754    i.HAL_UART_Receive_IT  stm32l4xx_hal_uart.o
    0x08003040   0x08003040   0x00000054   Code   RO           14    i.HAL_UART_RxCpltCallback  main.o
    0x08003094   0x08003094   0x00000002   Code   RO         3761    i.HAL_UART_TxCpltCallback  stm32l4xx_hal_uart.o
    0x08003096   0x08003096   0x00000002   Code   RO          381    i.HardFault_Handler  stm32l4xx_it.o
    0x08003098   0x08003098   0x00000038   Code   RO          562    i.IIC_Start         oled.o
    0x080030d0   0x080030d0   0x00000030   Code   RO          563    i.IIC_Stop          oled.o
    0x08003100   0x08003100   0x00000020   Code   RO          564    i.IIC_Wait_Ack      oled.o
    0x08003120   0x08003120   0x0000000c   Code   RO          748    i.LL_ADC_GetOffsetChannel  stm32l4xx_hal_adc.o
    0x0800312c   0x0800312c   0x00000008   Code   RO          749    i.LL_ADC_INJ_IsConversionOngoing  stm32l4xx_hal_adc.o
    0x08003134   0x08003134   0x00000008   Code   RO          750    i.LL_ADC_REG_IsConversionOngoing  stm32l4xx_hal_adc.o
    0x0800313c   0x0800313c   0x00000010   Code   RO          751    i.LL_ADC_REG_IsTriggerSourceSWStart  stm32l4xx_hal_adc.o
    0x0800314c   0x0800314c   0x0000001e   Code   RO          753    i.LL_ADC_SetChannelSamplingTime  stm32l4xx_hal_adc.o
    0x0800316a   0x0800316a   0x00000010   Code   RO          754    i.LL_ADC_SetOffsetState  stm32l4xx_hal_adc.o
    0x0800317a   0x0800317a   0x00000002   PAD
    0x0800317c   0x0800317c   0x000000ac   Code   RO          217    i.MX_ADC1_Init      adc.o
    0x08003228   0x08003228   0x0000003c   Code   RO          257    i.MX_DMA_Init       dma.o
    0x08003264   0x08003264   0x00000122   Code   RO          191    i.MX_GPIO_Init      gpio.o
    0x08003386   0x08003386   0x00000002   PAD
    0x08003388   0x08003388   0x000000a0   Code   RO          284    i.MX_TIM2_Init      tim.o
    0x08003428   0x08003428   0x000000a0   Code   RO          285    i.MX_TIM3_Init      tim.o
    0x080034c8   0x080034c8   0x00000068   Code   RO          337    i.MX_USART3_UART_Init  usart.o
    0x08003530   0x08003530   0x00000002   Code   RO          382    i.MemManage_Handler  stm32l4xx_it.o
    0x08003532   0x08003532   0x00000002   Code   RO          383    i.NMI_Handler       stm32l4xx_it.o
    0x08003534   0x08003534   0x0000003c   Code   RO          565    i.OLED_Clear        oled.o
    0x08003570   0x08003570   0x000000e4   Code   RO          569    i.OLED_Init         oled.o
    0x08003654   0x08003654   0x0000002a   Code   RO          571    i.OLED_Set_Pos      oled.o
    0x0800367e   0x0800367e   0x00000002   PAD
    0x08003680   0x08003680   0x00000088   Code   RO          573    i.OLED_ShowChar     oled.o
    0x08003708   0x08003708   0x00000070   Code   RO          574    i.OLED_ShowNum      oled.o
    0x08003778   0x08003778   0x00000036   Code   RO          575    i.OLED_ShowString   oled.o
    0x080037ae   0x080037ae   0x0000000c   Code   RO          576    i.OLED_WR_Byte      oled.o
    0x080037ba   0x080037ba   0x00000002   Code   RO          384    i.PendSV_Handler    stm32l4xx_it.o
    0x080037bc   0x080037bc   0x00000128   Code   RO         1501    i.RCCEx_PLLSAI1_Config  stm32l4xx_hal_rcc_ex.o
    0x080038e4   0x080038e4   0x00000128   Code   RO         1502    i.RCCEx_PLLSAI2_Config  stm32l4xx_hal_rcc_ex.o
    0x08003a0c   0x08003a0c   0x00000070   Code   RO         1374    i.RCC_GetSysClockFreqFromPLLSource  stm32l4xx_hal_rcc.o
    0x08003a7c   0x08003a7c   0x00000074   Code   RO         1375    i.RCC_SetFlashLatencyFromMSIRange  stm32l4xx_hal_rcc.o
    0x08003af0   0x08003af0   0x00000002   Code   RO          385    i.SVC_Handler       stm32l4xx_it.o
    0x08003af2   0x08003af2   0x00000004   Code   RO          386    i.SysTick_Handler   stm32l4xx_it.o
    0x08003af6   0x08003af6   0x00000072   Code   RO           15    i.SystemClock_Config  main.o
    0x08003b68   0x08003b68   0x00000010   Code   RO         4259    i.SystemInit        system_stm32l4xx.o
    0x08003b78   0x08003b78   0x000000c0   Code   RO         2814    i.TIM_Base_SetConfig  stm32l4xx_hal_tim.o
    0x08003c38   0x08003c38   0x0000001a   Code   RO         2815    i.TIM_CCxChannelCmd  stm32l4xx_hal_tim.o
    0x08003c52   0x08003c52   0x00000014   Code   RO         2825    i.TIM_ETR_SetConfig  stm32l4xx_hal_tim.o
    0x08003c66   0x08003c66   0x00000010   Code   RO         2826    i.TIM_ITRx_SetConfig  stm32l4xx_hal_tim.o
    0x08003c76   0x08003c76   0x00000002   PAD
    0x08003c78   0x08003c78   0x0000009c   Code   RO         2827    i.TIM_OC1_SetConfig  stm32l4xx_hal_tim.o
    0x08003d14   0x08003d14   0x00000090   Code   RO         2828    i.TIM_OC2_SetConfig  stm32l4xx_hal_tim.o
    0x08003da4   0x08003da4   0x00000090   Code   RO         2829    i.TIM_OC3_SetConfig  stm32l4xx_hal_tim.o
    0x08003e34   0x08003e34   0x00000074   Code   RO         2830    i.TIM_OC4_SetConfig  stm32l4xx_hal_tim.o
    0x08003ea8   0x08003ea8   0x00000070   Code   RO         2831    i.TIM_OC5_SetConfig  stm32l4xx_hal_tim.o
    0x08003f18   0x08003f18   0x00000070   Code   RO         2832    i.TIM_OC6_SetConfig  stm32l4xx_hal_tim.o
    0x08003f88   0x08003f88   0x00000022   Code   RO         2834    i.TIM_TI1_ConfigInputStage  stm32l4xx_hal_tim.o
    0x08003faa   0x08003faa   0x00000024   Code   RO         2836    i.TIM_TI2_ConfigInputStage  stm32l4xx_hal_tim.o
    0x08003fce   0x08003fce   0x00000002   PAD
    0x08003fd0   0x08003fd0   0x00000044   Code   RO         4154    i.UARTEx_SetNbDataToProcess  stm32l4xx_hal_uart_ex.o
    0x08004014   0x08004014   0x000000c8   Code   RO         3763    i.UART_AdvFeatureConfig  stm32l4xx_hal_uart.o
    0x080040dc   0x080040dc   0x000000ac   Code   RO         3764    i.UART_CheckIdleState  stm32l4xx_hal_uart.o
    0x08004188   0x08004188   0x00000014   Code   RO         3765    i.UART_DMAAbortOnError  stm32l4xx_hal_uart.o
    0x0800419c   0x0800419c   0x00000054   Code   RO         3775    i.UART_EndRxTransfer  stm32l4xx_hal_uart.o
    0x080041f0   0x080041f0   0x000000c8   Code   RO         3777    i.UART_RxISR_16BIT  stm32l4xx_hal_uart.o
    0x080042b8   0x080042b8   0x000001a0   Code   RO         3778    i.UART_RxISR_16BIT_FIFOEN  stm32l4xx_hal_uart.o
    0x08004458   0x08004458   0x000000c8   Code   RO         3779    i.UART_RxISR_8BIT   stm32l4xx_hal_uart.o
    0x08004520   0x08004520   0x000001a0   Code   RO         3780    i.UART_RxISR_8BIT_FIFOEN  stm32l4xx_hal_uart.o
    0x080046c0   0x080046c0   0x00000298   Code   RO         3781    i.UART_SetConfig    stm32l4xx_hal_uart.o
    0x08004958   0x08004958   0x00000110   Code   RO         3783    i.UART_Start_Receive_IT  stm32l4xx_hal_uart.o
    0x08004a68   0x08004a68   0x0000008c   Code   RO         3788    i.UART_WaitOnFlagUntilTimeout  stm32l4xx_hal_uart.o
    0x08004af4   0x08004af4   0x0000000c   Code   RO          387    i.USART3_IRQHandler  stm32l4xx_it.o
    0x08004b00   0x08004b00   0x00000002   Code   RO          388    i.UsageFault_Handler  stm32l4xx_it.o
    0x08004b02   0x08004b02   0x00000002   PAD
    0x08004b04   0x08004b04   0x00000058   Code   RO          577    i.Write_IIC_Byte    oled.o
    0x08004b5c   0x08004b5c   0x0000002e   Code   RO          578    i.Write_IIC_Command  oled.o
    0x08004b8a   0x08004b8a   0x0000002e   Code   RO          579    i.Write_IIC_Data    oled.o
    0x08004bb8   0x08004bb8   0x00000020   Code   RO         2530    i.__NVIC_SetPriority  stm32l4xx_hal_cortex.o
    0x08004bd8   0x08004bd8   0x00000304   Code   RO           16    i.main              main.o
    0x08004edc   0x08004edc   0x00000010   Code   RO          581    i.oled_pow          oled.o
    0x08004eec   0x08004eec   0x00000150   Code   RO         4303    x$fpl$dadd          fz_wm.l(daddsub_clz.o)
    0x0800503c   0x0800503c   0x0000005a   Code   RO         4309    x$fpl$dfixu         fz_wm.l(dfixu.o)
    0x08005096   0x08005096   0x00000026   Code   RO         4313    x$fpl$dfltu         fz_wm.l(dflt_clz.o)
    0x080050bc   0x080050bc   0x00000154   Code   RO         4319    x$fpl$dmul          fz_wm.l(dmul.o)
    0x08005210   0x08005210   0x0000009c   Code   RO         4326    x$fpl$dnaninf       fz_wm.l(dnaninf.o)
    0x080052ac   0x080052ac   0x0000000c   Code   RO         4328    x$fpl$dretinf       fz_wm.l(dretinf.o)
    0x080052b8   0x080052b8   0x000001d4   Code   RO         4305    x$fpl$dsub          fz_wm.l(daddsub_clz.o)
    0x0800548c   0x0800548c   0x0000000a   Code   RO         4433    x$fpl$fpinit        fz_wm.l(fpinit.o)
    0x08005496   0x08005496   0x00000000   Code   RO         4330    x$fpl$usenofp       fz_wm.l(usenofp.o)
    0x08005496   0x08005496   0x00000818   Data   RO          582    .constdata          oled.o
    0x08005cae   0x08005cae   0x00000018   Data   RO         3789    .constdata          stm32l4xx_hal_uart.o
    0x08005cc6   0x08005cc6   0x00000010   Data   RO         4155    .constdata          stm32l4xx_hal_uart_ex.o
    0x08005cd6   0x08005cd6   0x00000002   PAD
    0x08005cd8   0x08005cd8   0x00000040   Data   RO         4260    .constdata          system_stm32l4xx.o
    0x08005d18   0x08005d18   0x00000008   Data   RO         4261    .constdata          system_stm32l4xx.o
    0x08005d20   0x08005d20   0x00000020   Data   RO         4489    Region$$Table       anon$$obj.o


    Execution Region RW_IRAM1 (Exec base: 0x20000000, Load base: 0x08005d40, Size: 0x00000868, Max: 0x000a0000, ABSOLUTE)

    Exec Addr    Load Addr    Size         Type   Attr      Idx    E Section Name        Object

    0x20000000   0x08005d40   0x00000002   Data   RW           17    .data               main.o
    0x20000002   0x08005d42   0x00000002   PAD
    0x20000004   0x08005d44   0x0000000c   Data   RW         1161    .data               stm32l4xx_hal.o
    0x20000010   0x08005d50   0x00000004   Data   RW         4262    .data               system_stm32l4xx.o
    0x20000014        -       0x000000c8   Zero   RW          218    .bss                adc.o
    0x200000dc        -       0x00000098   Zero   RW          286    .bss                tim.o
    0x20000174        -       0x00000094   Zero   RW          338    .bss                usart.o
    0x20000208        -       0x00000060   Zero   RW         4363    .bss                c_w.l(libspace.o)
    0x20000268        -       0x00000200   Zero   RW            2    HEAP                startup_stm32l4r9xx.o
    0x20000468        -       0x00000400   Zero   RW            1    STACK               startup_stm32l4r9xx.o


==============================================================================

Image component sizes


      Code (inc. data)   RO Data    RW Data    ZI Data      Debug   Object Name

       420         40          0          0        200       1963   adc.o
       462         30          0          0          0       4723   dht11.o
        60          4          0          0          0        806   dma.o
       290         22          0          0          0       1091   gpio.o
       974        130          0          2          0    1106424   main.o
       976         30       2072          0          0       9120   oled.o
        64         26        444          0       1536        840   startup_stm32l4r9xx.o
       162         24          0         12          0      16365   stm32l4xx_hal.o
      2574        116          0          0          0      67325   stm32l4xx_hal_adc.o
        10          0          0          0          0       3453   stm32l4xx_hal_adc_ex.o
       198         14          0          0          0      33823   stm32l4xx_hal_cortex.o
       900         30          0          0          0       6474   stm32l4xx_hal_dma.o
       618         40          0          0          0       2963   stm32l4xx_hal_gpio.o
        44          6          0          0          0        846   stm32l4xx_hal_msp.o
       244         22          0          0          0       2047   stm32l4xx_hal_pwr_ex.o
      2268        124          0          0          0       8320   stm32l4xx_hal_rcc.o
      1770         52          0          0          0       4272   stm32l4xx_hal_rcc_ex.o
      2082        220          0          0          0      14640   stm32l4xx_hal_tim.o
       156         26          0          0          0       1436   stm32l4xx_hal_tim_ex.o
      3748        144         24          0          0      35762   stm32l4xx_hal_uart.o
       288          6         16          0          0       5358   stm32l4xx_hal_uart_ex.o
        56         18          0          0          0       5559   stm32l4xx_it.o
        16          4         72          4          0       1177   system_stm32l4xx.o
       496         30          0          0        152       3213   tim.o
       248         22          0          0        148       1798   usart.o

    ----------------------------------------------------------------------
     19160       1180       2662         20       2036    1339798   Object Totals
         0          0         32          0          0          0   (incl. Generated)
        36          0          2          2          0          0   (incl. Padding)

    ----------------------------------------------------------------------

      Code (inc. data)   RO Data    RW Data    ZI Data      Debug   Library Member Name

         8          0          0          0          0         68   __main.o
         0          0          0          0          0          0   __rtentry.o
        12          0          0          0          0          0   __rtentry2.o
         6          0          0          0          0          0   __rtentry4.o
        52          8          0          0          0          0   __scatter.o
        26          0          0          0          0          0   __scatter_copy.o
        28          0          0          0          0          0   __scatter_zi.o
        18          0          0          0          0         80   exit.o
         6          0          0          0          0        152   heapauxi.o
         0          0          0          0          0          0   indicate_semi.o
         2          0          0          0          0          0   libinit.o
         6          0          0          0          0          0   libinit2.o
         2          0          0          0          0          0   libshutdown.o
         2          0          0          0          0          0   libshutdown2.o
         8          4          0          0         96         68   libspace.o
       238          0          0          0          0        100   lludivv7m.o
        78          0          0          0          0         80   rt_memclr_w.o
         2          0          0          0          0          0   rtexit.o
        10          0          0          0          0          0   rtexit2.o
        12          4          0          0          0         68   sys_exit.o
        74          0          0          0          0         80   sys_stackheap_outer.o
         2          0          0          0          0         68   use_no_semi.o
       804         16          0          0          0        368   daddsub_clz.o
        90          4          0          0          0        140   dfixu.o
        38          0          0          0          0        116   dflt_clz.o
       340         12          0          0          0        152   dmul.o
       156          4          0          0          0        140   dnaninf.o
        12          0          0          0          0        116   dretinf.o
        10          0          0          0          0        116   fpinit.o
         0          0          0          0          0          0   usenofp.o

    ----------------------------------------------------------------------
      2050         52          0          0         96       1912   Library Totals
         8          0          0          0          0          0   (incl. Padding)

    ----------------------------------------------------------------------

      Code (inc. data)   RO Data    RW Data    ZI Data      Debug   Library Name

       592         16          0          0         96        764   c_w.l
      1450         36          0          0          0       1148   fz_wm.l

    ----------------------------------------------------------------------
      2050         52          0          0         96       1912   Library Totals

    ----------------------------------------------------------------------

==============================================================================


      Code (inc. data)   RO Data    RW Data    ZI Data      Debug   

     21210       1232       2662         20       2132    1326450   Grand Totals
     21210       1232       2662         20       2132    1326450   ELF Image Totals
     21210       1232       2662         20          0          0   ROM Totals

==============================================================================

    Total RO  Size (Code + RO Data)                23872 (  23.31kB)
    Total RW  Size (RW Data + ZI Data)              2152 (   2.10kB)
    Total ROM Size (Code + RO Data + RW Data)      23892 (  23.33kB)

==============================================================================

